🔍 Finding similar names (top 900 candidates)...
📊 Found 313107 total records
✅ Found 900 similar name pairs (top 900 selected)

============================================================
📦 Processing batch 1 (30 pairs)
============================================================

[1/30] Checking: Amin Aadam vs Amin Aadam (similarity: 1.00, EXACT MATCH)
     Using Perplexity's complete name: Amin Aadam
  ✅ SAME PERSON (confidence: 10/10)
     Merging 2 into 3 (keeping longer name: Amin Aadam)
🔄 Merging 1 records into primary ID 3
✅ Updated primary name to: Amin Aadam
  ✅ Merged record 2 into 3
[2/30] Checking: MA. AALA vs MA. AALA (similarity: 1.00, EXACT MATCH)
     Using Perplexity's complete name: MA. AALA
  ✅ SAME PERSON (confidence: 10/10)
     Merging 8 into 14 (keeping longer name: MA. AALA)
🔄 Merging 1 records into primary ID 14
✅ Updated primary name to: MA. AALA
  ✅ Merged record 8 into 14
[3/30] Checking: SHIRLEY AALA vs SHIRLEY AALA (similarity: 1.00, EXACT MATCH)
     Using Perplexity's complete name: SHIRLEY AALA
  ✅ SAME PERSON (confidence: 10/10)
     Merging 9 into 11 (keeping longer name: SHIRLEY AALA)
🔄 Merging 1 records into primary ID 11
✅ Updated primary name to: SHIRLEY AALA
  ✅ Merged record 9 into 11
[4/30] Checking: SHIRLEY AALA vs SHIRLEY AALA (similarity: 1.00, EXACT MATCH)
     Using Perplexity's complete name: SHIRLEY AALA
  ✅ SAME PERSON (confidence: 10/10)
     Merging 5 into 11 (keeping longer name: SHIRLEY AALA)
🔄 Merging 1 records into primary ID 11
✅ Updated primary name to: SHIRLEY AALA
  ✅ Merged record 5 into 11
[5/30] Checking: SHIRLEY AALA vs SHIRLEY AALA (similarity: 1.00, EXACT MATCH)
     Using Perplexity's complete name: SHIRLEY AALA
  ✅ SAME PERSON (confidence: 10/10)
     Merging 13 into 11 (keeping longer name: SHIRLEY AALA)
🔄 Merging 1 records into primary ID 11
✅ Updated primary name to: SHIRLEY AALA
  ✅ Merged record 13 into 11
[6/30] Checking: SHIRLEY AALA vs SHIRLEY AALA (similarity: 1.00, EXACT MATCH)
     Using Perplexity's complete name: SHIRLEY AALA
  ✅ SAME PERSON (confidence: 10/10)
     Merging 5 into 9 (keeping longer name: SHIRLEY AALA)
🔄 Merging 1 records into primary ID 9
✅ Updated primary name to: SHIRLEY AALA
  ✅ Merged record 5 into 9
[7/30] Checking: SHIRLEY AALA vs SHIRLEY AALA (similarity: 1.00, EXACT MATCH)
     Using Perplexity's complete name: SHIRLEY AALA
  ✅ SAME PERSON (confidence: 10/10)
     Merging 13 into 9 (keeping longer name: SHIRLEY AALA)
🔄 Merging 1 records into primary ID 9
✅ Updated primary name to: SHIRLEY AALA
  ✅ Merged record 13 into 9
[8/30] Checking: SHIRLEY AALA vs SHIRLEY AALA (similarity: 1.00, EXACT MATCH)
     Using Perplexity's complete name: SHIRLEY AALA
  ✅ SAME PERSON (confidence: 10/10)
     Merging 13 into 5 (keeping longer name: SHIRLEY AALA)
🔄 Merging 1 records into primary ID 5
✅ Updated primary name to: SHIRLEY AALA
  ✅ Merged record 13 into 5
[9/30] Checking: TRISTAN AALA vs TRISTAN AALA (similarity: 1.00, EXACT MATCH)
     Using Perplexity's complete name: TRISTAN AALA
  ✅ SAME PERSON (confidence: 10/10)
     Merging 6 into 10 (keeping longer name: TRISTAN AALA)
🔄 Merging 1 records into primary ID 10
✅ Updated primary name to: TRISTAN AALA
  ✅ Merged record 6 into 10
[10/30] Checking: TRISTAN AALA vs TRISTAN AALA (similarity: 1.00, EXACT MATCH)
     Using Perplexity's complete name: TRISTAN AALA
  ✅ SAME PERSON (confidence: 10/10)
     Merging 4 into 10 (keeping longer name: TRISTAN AALA)
🔄 Merging 1 records into primary ID 10
✅ Updated primary name to: TRISTAN AALA
  ✅ Merged record 4 into 10
[11/30] Checking: TRISTAN AALA vs TRISTAN AALA (similarity: 1.00, EXACT MATCH)
     Using Perplexity's complete name: TRISTAN AALA
  ✅ SAME PERSON (confidence: 10/10)
     Merging 12 into 10 (keeping longer name: TRISTAN AALA)
🔄 Merging 1 records into primary ID 10
✅ Updated primary name to: TRISTAN AALA
  ✅ Merged record 12 into 10
[12/30] Checking: TRISTAN AALA vs TRISTAN AALA (similarity: 1.00, EXACT MATCH)
     Using Perplexity's complete name: TRISTAN AALA
  ✅ SAME PERSON (confidence: 10/10)
     Merging 4 into 6 (keeping longer name: TRISTAN AALA)
🔄 Merging 1 records into primary ID 6
✅ Updated primary name to: TRISTAN AALA
  ✅ Merged record 4 into 6
[13/30] Checking: TRISTAN AALA vs TRISTAN AALA (similarity: 1.00, EXACT MATCH)
     Using Perplexity's complete name: TRISTAN AALA
  ✅ SAME PERSON (confidence: 10/10)
     Merging 12 into 6 (keeping longer name: TRISTAN AALA)
🔄 Merging 1 records into primary ID 6
✅ Updated primary name to: TRISTAN AALA
  ✅ Merged record 12 into 6
[14/30] Checking: TRISTAN AALA vs TRISTAN AALA (similarity: 1.00, EXACT MATCH)
     Using Perplexity's complete name: TRISTAN AALA
  ✅ SAME PERSON (confidence: 10/10)
     Merging 12 into 4 (keeping longer name: TRISTAN AALA)
🔄 Merging 1 records into primary ID 4
✅ Updated primary name to: TRISTAN AALA
  ✅ Merged record 12 into 4
[15/30] Checking: Shirley Belen Aala vs Shirley Belen Aala (similarity: 1.00, EXACT MATCH)
     Using Perplexity's complete name: Shirley Belen Aala
  ✅ SAME PERSON (confidence: 10/10)
     Merging 4155610 into 4155613 (keeping longer name: Shirley Belen Aala)
🔄 Merging 1 records into primary ID 4155613
✅ Updated primary name to: Shirley Belen Aala
  ✅ Merged record 4155610 into 4155613
[16/30] Checking: Shirley Belen Aala vs Shirley Belen Aala (similarity: 1.00, EXACT MATCH)
     Using Perplexity's complete name: Shirley Belen Aala
  ✅ SAME PERSON (confidence: 10/10)
     Merging 4155611 into 4155613 (keeping longer name: Shirley Belen Aala)
🔄 Merging 1 records into primary ID 4155613
✅ Updated primary name to: Shirley Belen Aala
  ✅ Merged record 4155611 into 4155613
[17/30] Checking: Shirley Belen Aala vs Shirley Belen Aala (similarity: 1.00, EXACT MATCH)
     Using Perplexity's complete name: Shirley Belen Aala
  ✅ SAME PERSON (confidence: 10/10)
     Merging 4155612 into 4155613 (keeping longer name: Shirley Belen Aala)
🔄 Merging 1 records into primary ID 4155613
✅ Updated primary name to: Shirley Belen Aala
  ✅ Merged record 4155612 into 4155613
[18/30] Checking: Shirley Belen Aala vs Shirley Belen Aala (similarity: 1.00, EXACT MATCH)
     Using Perplexity's complete name: Shirley Belen Aala
  ✅ SAME PERSON (confidence: 10/10)
     Merging 4155611 into 4155610 (keeping longer name: Shirley Belen Aala)
🔄 Merging 1 records into primary ID 4155610
✅ Updated primary name to: Shirley Belen Aala
  ✅ Merged record 4155611 into 4155610
[19/30] Checking: Shirley Belen Aala vs Shirley Belen Aala (similarity: 1.00, EXACT MATCH)
     Using Perplexity's complete name: Shirley Belen Aala
  ✅ SAME PERSON (confidence: 10/10)
     Merging 4155612 into 4155610 (keeping longer name: Shirley Belen Aala)
🔄 Merging 1 records into primary ID 4155610
✅ Updated primary name to: Shirley Belen Aala
  ✅ Merged record 4155612 into 4155610
[20/30] Checking: Shirley Belen Aala vs Shirley Belen Aala (similarity: 1.00, EXACT MATCH)
     Using Perplexity's complete name: Shirley Belen Aala
  ✅ SAME PERSON (confidence: 10/10)
     Merging 4155612 into 4155611 (keeping longer name: Shirley Belen Aala)
🔄 Merging 1 records into primary ID 4155611
✅ Updated primary name to: Shirley Belen Aala
  ✅ Merged record 4155612 into 4155611
[21/30] Checking: Tristan Royce Aala vs Tristan Royce Aala (similarity: 1.00, EXACT MATCH)
     Using Perplexity's complete name: Tristan Royce Aala
  ✅ SAME PERSON (confidence: 10/10)
     Merging 4155618 into 4155617 (keeping longer name: Tristan Royce Aala)
🔄 Merging 1 records into primary ID 4155617
✅ Updated primary name to: Tristan Royce Aala
  ✅ Merged record 4155618 into 4155617
[22/30] Checking: Tristan Royce Aala vs Tristan Royce Aala (similarity: 1.00, EXACT MATCH)
     Using Perplexity's complete name: Tristan Royce Aala
  ✅ SAME PERSON (confidence: 10/10)
     Merging 4155619 into 4155617 (keeping longer name: Tristan Royce Aala)
🔄 Merging 1 records into primary ID 4155617
✅ Updated primary name to: Tristan Royce Aala
