
============================================================
🔄 Re-fetching candidates for batch 1...
============================================================

🔍 Finding similar names (top 900 candidates)...
📊 Found 313107 total records
✅ Found 900 similar name pairs (top 900 selected)
📦 Processing batch 1: pairs 1-30 from 900 total candidates

============================================================
📦 Processing batch 1 (30 pairs)
============================================================

[1/30] Checking: ARY JES E S NG IC IN A E E P R . I H ONRADE I vs MARY JES E S NG IC IN A E E P R . I H ONRADE I (similarity: 0.99)
⚠️ API error for ARY JES E S NG IC IN A E E P R . I H ONRADE I vs MARY JES E S NG IC IN A E E P R . I H ONRADE I: 400
  ❌ Different persons (confidence: 0/10)
[2/30] Checking: ARY JES E S NG IC IN A E E P R . I H ONRADE I vs RY JES E S NG IC IN A E E P R . I H ONRADE I (similarity: 0.99)
⚠️ API error for ARY JES E S NG IC IN A E E P R . I H ONRADE I vs RY JES E S NG IC IN A E E P R . I H ONRADE I: 400
  ❌ Different persons (confidence: 0/10)
[3/30] Checking: EPARTMENT OF PUBLIC WORKS AND HIGHWAYS vs PARTMENT OF PUBLIC WORKS AND HIGHWAYS (similarity: 0.98)
⚠️ API error for EPARTMENT OF PUBLIC WORKS AND HIGHWAYS vs PARTMENT OF PUBLIC WORKS AND HIGHWAYS: 400
  ❌ Different persons (confidence: 0/10)
[4/30] Checking: ARICRIS P. VILLANUEVA BATANGAS vs MARICRIS P. VILLANUEVA BATANGAS (similarity: 0.98)
⚠️ API error for ARICRIS P. VILLANUEVA BATANGAS vs MARICRIS P. VILLANUEVA BATANGAS: 400
  ❌ Different persons (confidence: 0/10)
[5/30] Checking: LOCATION LOCATION DUTY PNCO vs OCATION LOCATION DUTY PNCO (similarity: 0.98)
⚠️ API error for LOCATION LOCATION DUTY PNCO vs OCATION LOCATION DUTY PNCO: 400
  ❌ Different persons (confidence: 0/10)
[6/30] Checking: RVE PROVISIONS. BH BOREHOLE vs URVE PROVISIONS. BH BOREHOLE (similarity: 0.97)
⚠️ API error for RVE PROVISIONS. BH BOREHOLE vs URVE PROVISIONS. BH BOREHOLE: 400
  ❌ Different persons (confidence: 0/10)
[7/30] Checking: MARY JES E S NG IC IN A E E P R . I H ONRADE I vs RY JES E S NG IC IN A E E P R . I H ONRADE I (similarity: 0.97)
⚠️ API error for MARY JES E S NG IC IN A E E P R . I H ONRADE I vs RY JES E S NG IC IN A E E P R . I H ONRADE I: 400
  ❌ Different persons (confidence: 0/10)
[8/30] Checking: Ma Glenda Monette Gayta vs Ma. Glenda Monette Gayta (similarity: 0.97)
⚠️ API error for Ma Glenda Monette Gayta vs Ma. Glenda Monette Gayta: 400
  ❌ Different persons (confidence: 0/10)
[9/30] Checking: Crizamille Laureen Jajurie vs Crizamille Lauren Jajurie (similarity: 0.97)
⚠️ API error for Crizamille Laureen Jajurie vs Crizamille Lauren Jajurie: 400
  ❌ Different persons (confidence: 0/10)
[10/30] Checking: Ade Jo Christelle Yadao vs Adel Jo Christelle Yadao (similarity: 0.97)
⚠️ API error for Ade Jo Christelle Yadao vs Adel Jo Christelle Yadao: 400
  ❌ Different persons (confidence: 0/10)
[11/30] Checking: Ade Jo Christelle Yadao vs Adel Jo Christelle Yadao (similarity: 0.97)
⚠️ API error for Ade Jo Christelle Yadao vs Adel Jo Christelle Yadao: 400
  ❌ Different persons (confidence: 0/10)
[12/30] Checking: MEDILLA SONIA D. PAGLICAUAN vs RMEDILLA SONIA D. PAGLICAUAN (similarity: 0.97)
⚠️ API error for MEDILLA SONIA D. PAGLICAUAN vs RMEDILLA SONIA D. PAGLICAUAN: 400
  ❌ Different persons (confidence: 0/10)
[13/30] Checking: PAARRTTMMEENNTT CONTROL vs PPAARRTTMMEENNTT CONTROL (similarity: 0.97)
⚠️ API error for PAARRTTMMEENNTT CONTROL vs PPAARRTTMMEENNTT CONTROL: 400
  ❌ Different persons (confidence: 0/10)
[14/30] Checking: Yevgeny Vicente Emano vs Yevgeny Vincente Emano (similarity: 0.97)
⚠️ API error for Yevgeny Vicente Emano vs Yevgeny Vincente Emano: 400
  ❌ Different persons (confidence: 0/10)
[15/30] Checking: Yevgeny Vicente Emano vs Yevgeny Vincente Emano (similarity: 0.97)
⚠️ API error for Yevgeny Vicente Emano vs Yevgeny Vincente Emano: 400
  ❌ Different persons (confidence: 0/10)
[16/30] Checking: Yevgeny Vicente Emano vs Yevgeny Vincente Emano (similarity: 0.97)
⚠️ API error for Yevgeny Vicente Emano vs Yevgeny Vincente Emano: 400
  ❌ Different persons (confidence: 0/10)
[17/30] Checking: Priscila Marie Abante vs Priscilla Marie Abante (similarity: 0.97)
⚠️ API error for Priscila Marie Abante vs Priscilla Marie Abante: 400
  ❌ Different persons (confidence: 0/10)
[18/30] Checking: Mar-Len Abigail Binay vs Marlen Abigail Binay (similarity: 0.97)
⚠️ API error for Mar-Len Abigail Binay vs Marlen Abigail Binay: 400
  ❌ Different persons (confidence: 0/10)
[19/30] Checking: Mar-Len Abigail Binay vs Marlen Abigail Binay (similarity: 0.97)
⚠️ API error for Mar-Len Abigail Binay vs Marlen Abigail Binay: 400
  ❌ Different persons (confidence: 0/10)
[20/30] Checking: AUSTIN BRIAN M. BONGALON vs USTIN BRIAN M. BONGALON (similarity: 0.97)
⚠️ API error for AUSTIN BRIAN M. BONGALON vs USTIN BRIAN M. BONGALON: 400
  ❌ Different persons (confidence: 0/10)
[21/30] Checking: AUSTIN BRIAN M. BONGALON vs USTIN BRIAN M. BONGALON (similarity: 0.97)
⚠️ API error for AUSTIN BRIAN M. BONGALON vs USTIN BRIAN M. BONGALON: 400
  ❌ Different persons (confidence: 0/10)
[22/30] Checking: AUSTIN BRIAN M. BONGALON vs USTIN BRIAN M. BONGALON (similarity: 0.97)
⚠️ API error for AUSTIN BRIAN M. BONGALON vs USTIN BRIAN M. BONGALON: 400
  ❌ Different persons (confidence: 0/10)
[23/30] Checking: AUSTIN BRIAN M. BONGALON vs USTIN BRIAN M. BONGALON (similarity: 0.97)
⚠️ API error for AUSTIN BRIAN M. BONGALON vs USTIN BRIAN M. BONGALON: 400
  ❌ Different persons (confidence: 0/10)
[24/30] Checking: Mohamad Khalid Dimaporo vs Mohammad Khalid Dimaporo (similarity: 0.97)
⚠️ API error for Mohamad Khalid Dimaporo vs Mohammad Khalid Dimaporo: 400
  ❌ Different persons (confidence: 0/10)
[25/30] Checking: Mohamad Khalid Dimaporo vs Mohammad Khalid Dimaporo (similarity: 0.97)
⚠️ API error for Mohamad Khalid Dimaporo vs Mohammad Khalid Dimaporo: 400
  ❌ Different persons (confidence: 0/10)
[26/30] Checking: Peter Mc Neil Acosta vs Peter Mc. Neil Acosta (similarity: 0.96)
⚠️ API error for Peter Mc Neil Acosta vs Peter Mc. Neil Acosta: 400
  ❌ Different persons (confidence: 0/10)
[27/30] Checking: Anna Rouselle Busalpa vs Anna Rousselle Busalpa (similarity: 0.96)
⚠️ API error for Anna Rouselle Busalpa vs Anna Rousselle Busalpa: 400
  ❌ Different persons (confidence: 0/10)
[28/30] Checking: ARC GERARD A. SARABIA vs MARC GERARD A. SARABIA (similarity: 0.96)
⚠️ API error for ARC GERARD A. SARABIA vs MARC GERARD A. SARABIA: 400
  ❌ Different persons (confidence: 0/10)
[29/30] Checking: Doña Cresecia Tesoro vs Doña Cresencia Tesoro (similarity: 0.96)
⚠️ API error for Doña Cresecia Tesoro vs Doña Cresencia Tesoro: 400
  ❌ Different persons (confidence: 0/10)
[30/30] Checking: Anthony Glen Guingayan vs Anthony Glenn Guingayan (similarity: 0.96)
⚠️ API error for Anthony Glen Guingayan vs Anthony Glenn Guingayan: 400
  ❌ Different persons (confidence: 0/10)

✅ Batch 1 complete: Merged 0 pairs

📊 Progress: 30 pairs processed, 0 total merged


============================================================
🔄 Re-fetching candidates for batch 2...
============================================================

🔍 Finding similar names (top 900 candidates)...
📊 Found 313107 total records
✅ Found 900 similar name pairs (top 900 selected)
📦 Processing batch 2: pairs 1-30 from 900 total candidates

============================================================
📦 Processing batch 2 (30 pairs)
============================================================

[1/30] Checking: ARY JES E S NG IC IN A E E P R . I H ONRADE I vs MARY JES E S NG IC IN A E E P R . I H ONRADE I (similarity: 0.99)
⚠️ API error for ARY JES E S NG IC IN A E E P R . I H ONRADE I vs MARY JES E S NG IC IN A E E P R . I H ONRADE I: 400
  ❌ Different persons (confidence: 0/10)
[2/30] Checking: ARY JES E S NG IC IN A E E P R . I H ONRADE I vs RY JES E S NG IC IN A E E P R . I H ONRADE I (similarity: 0.99)
⚠️ API error for ARY JES E S NG IC IN A E E P R . I H ONRADE I vs RY JES E S NG IC IN A E E P R . I H ONRADE I: 400
  ❌ Different persons (confidence: 0/10)
[3/30] Checking: EPARTMENT OF PUBLIC WORKS AND HIGHWAYS vs PARTMENT OF PUBLIC WORKS AND HIGHWAYS (similarity: 0.98)
⚠️ API error for EPARTMENT OF PUBLIC WORKS AND HIGHWAYS vs PARTMENT OF PUBLIC WORKS AND HIGHWAYS: 400
  ❌ Different persons (confidence: 0/10)
[4/30] Checking: ARICRIS P. VILLANUEVA BATANGAS vs MARICRIS P. VILLANUEVA BATANGAS (similarity: 0.98)
⚠️ API error for ARICRIS P. VILLANUEVA BATANGAS vs MARICRIS P. VILLANUEVA BATANGAS: 400
  ❌ Different persons (confidence: 0/10)
[5/30] Checking: LOCATION LOCATION DUTY PNCO vs OCATION LOCATION DUTY PNCO (similarity: 0.98)
⚠️ API error for LOCATION LOCATION DUTY PNCO vs OCATION LOCATION DUTY PNCO: 400
  ❌ Different persons (confidence: 0/10)
[6/30] Checking: RVE PROVISIONS. BH BOREHOLE vs URVE PROVISIONS. BH BOREHOLE (similarity: 0.97)
⚠️ API error for RVE PROVISIONS. BH BOREHOLE vs URVE PROVISIONS. BH BOREHOLE: 400
  ❌ Different persons (confidence: 0/10)
[7/30] Checking: MARY JES E S NG IC IN A E E P R . I H ONRADE I vs RY JES E S NG IC IN A E E P R . I H ONRADE I (similarity: 0.97)
⚠️ API error for MARY JES E S NG IC IN A E E P R . I H ONRADE I vs RY JES E S NG IC IN A E E P R . I H ONRADE I: 400
  ❌ Different persons (confidence: 0/10)
[8/30] Checking: Ma Glenda Monette Gayta vs Ma. Glenda Monette Gayta (similarity: 0.97)
⚠️ API error for Ma Glenda Monette Gayta vs Ma. Glenda Monette Gayta: 400
  ❌ Different persons (confidence: 0/10)
[9/30] Checking: Crizamille Laureen Jajurie vs Crizamille Lauren Jajurie (similarity: 0.97)
⚠️ API error for Crizamille Laureen Jajurie vs Crizamille Lauren Jajurie: 400
  ❌ Different persons (confidence: 0/10)
[10/30] Checking: Ade Jo Christelle Yadao vs Adel Jo Christelle Yadao (similarity: 0.97)
⚠️ API error for Ade Jo Christelle Yadao vs Adel Jo Christelle Yadao: 400
  ❌ Different persons (confidence: 0/10)
[11/30] Checking: Ade Jo Christelle Yadao vs Adel Jo Christelle Yadao (similarity: 0.97)
⚠️ API error for Ade Jo Christelle Yadao vs Adel Jo Christelle Yadao: 400
  ❌ Different persons (confidence: 0/10)
[12/30] Checking: MEDILLA SONIA D. PAGLICAUAN vs RMEDILLA SONIA D. PAGLICAUAN (similarity: 0.97)
⚠️ API error for MEDILLA SONIA D. PAGLICAUAN vs RMEDILLA SONIA D. PAGLICAUAN: 400
  ❌ Different persons (confidence: 0/10)
[13/30] Checking: PAARRTTMMEENNTT CONTROL vs PPAARRTTMMEENNTT CONTROL (similarity: 0.97)
⚠️ API error for PAARRTTMMEENNTT CONTROL vs PPAARRTTMMEENNTT CONTROL: 400
  ❌ Different persons (confidence: 0/10)
[14/30] Checking: Yevgeny Vicente Emano vs Yevgeny Vincente Emano (similarity: 0.97)
⚠️ API error for Yevgeny Vicente Emano vs Yevgeny Vincente Emano: 400
  ❌ Different persons (confidence: 0/10)
[15/30] Checking: Yevgeny Vicente Emano vs Yevgeny Vincente Emano (similarity: 0.97)
⚠️ API error for Yevgeny Vicente Emano vs Yevgeny Vincente Emano: 400
  ❌ Different persons (confidence: 0/10)
[16/30] Checking: Yevgeny Vicente Emano vs Yevgeny Vincente Emano (similarity: 0.97)
⚠️ API error for Yevgeny Vicente Emano vs Yevgeny Vincente Emano: 400
  ❌ Different persons (confidence: 0/10)
[17/30] Checking: Priscila Marie Abante vs Priscilla Marie Abante (similarity: 0.97)
⚠️ API error for Priscila Marie Abante vs Priscilla Marie Abante: 400
  ❌ Different persons (confidence: 0/10)
[18/30] Checking: Mar-Len Abigail Binay vs Marlen Abigail Binay (similarity: 0.97)
⚠️ API error for Mar-Len Abigail Binay vs Marlen Abigail Binay: 400
  ❌ Different persons (confidence: 0/10)
[19/30] Checking: Mar-Len Abigail Binay vs Marlen Abigail Binay (similarity: 0.97)
⚠️ API error for Mar-Len Abigail Binay vs Marlen Abigail Binay: 400
  ❌ Different persons (confidence: 0/10)
[20/30] Checking: AUSTIN BRIAN M. BONGALON vs USTIN BRIAN M. BONGALON (similarity: 0.97)
⚠️ API error for AUSTIN BRIAN M. BONGALON vs USTIN BRIAN M. BONGALON: 400
  ❌ Different persons (confidence: 0/10)
[21/30] Checking: AUSTIN BRIAN M. BONGALON vs USTIN BRIAN M. BONGALON (similarity: 0.97)
⚠️ API error for AUSTIN BRIAN M. BONGALON vs USTIN BRIAN M. BONGALON: 400
  ❌ Different persons (confidence: 0/10)
[22/30] Checking: AUSTIN BRIAN M. BONGALON vs USTIN BRIAN M. BONGALON (similarity: 0.97)
⚠️ API error for AUSTIN BRIAN M. BONGALON vs USTIN BRIAN M. BONGALON: 400
  ❌ Different persons (confidence: 0/10)
[23/30] Checking: AUSTIN BRIAN M. BONGALON vs USTIN BRIAN M. BONGALON (similarity: 0.97)
⚠️ API error for AUSTIN BRIAN M. BONGALON vs USTIN BRIAN M. BONGALON: 400
  ❌ Different persons (confidence: 0/10)
[24/30] Checking: Mohamad Khalid Dimaporo vs Mohammad Khalid Dimaporo (similarity: 0.97)
⚠️ API error for Mohamad Khalid Dimaporo vs Mohammad Khalid Dimaporo: 400
  ❌ Different persons (confidence: 0/10)
[25/30] Checking: Mohamad Khalid Dimaporo vs Mohammad Khalid Dimaporo (similarity: 0.97)
⚠️ API error for Mohamad Khalid Dimaporo vs Mohammad Khalid Dimaporo: 400
  ❌ Different persons (confidence: 0/10)
[26/30] Checking: Peter Mc Neil Acosta vs Peter Mc. Neil Acosta (similarity: 0.96)
⚠️ API error for Peter Mc Neil Acosta vs Peter Mc. Neil Acosta: 400
  ❌ Different persons (confidence: 0/10)
[27/30] Checking: Anna Rouselle Busalpa vs Anna Rousselle Busalpa (similarity: 0.96)
⚠️ API error for Anna Rouselle Busalpa vs Anna Rousselle Busalpa: 400
  ❌ Different persons (confidence: 0/10)
[28/30] Checking: ARC GERARD A. SARABIA vs MARC GERARD A. SARABIA (similarity: 0.96)
⚠️ API error for ARC GERARD A. SARABIA vs MARC GERARD A. SARABIA: 400
  ❌ Different persons (confidence: 0/10)
[29/30] Checking: Doña Cresecia Tesoro vs Doña Cresencia Tesoro (similarity: 0.96)
⚠️ API error for Doña Cresecia Tesoro vs Doña Cresencia Tesoro: 400
  ❌ Different persons (confidence: 0/10)
[30/30] Checking: Anthony Glen Guingayan vs Anthony Glenn Guingayan (similarity: 0.96)
⚠️ API error for Anthony Glen Guingayan vs Anthony Glenn Guingayan: 400
  ❌ Different persons (confidence: 0/10)

✅ Batch 2 complete: Merged 0 pairs

📊 Progress: 60 pairs processed, 0 total merged


============================================================
🔄 Re-fetching candidates for batch 3...
============================================================

🔍 Finding similar names (top 900 candidates)...
📊 Found 313107 total records
