
============================================================
🗑️  Step 1: Deleting document fragments...
============================================================

✅ Deleted 387 document fragments

============================================================
🔄 Step 2: Resolving obvious close matches...
============================================================

  Renamed 100 records...
  Renamed 200 records...
  Renamed 300 records...
  Renamed 400 records...
  Renamed 500 records...
  Renamed 600 records...
  Renamed 700 records...
  Renamed 800 records...
  Renamed 900 records...
  Renamed 1000 records...
  Renamed 1100 records...
  Renamed 1200 records...
  Renamed 1300 records...
  Renamed 1400 records...
  Renamed 1500 records...
  Renamed 1600 records...
  Renamed 1700 records...
  Renamed 1800 records...
  Renamed 1900 records...
  Renamed 2000 records...
  Renamed 2100 records...
  Renamed 2200 records...
  Renamed 2300 records...
  Renamed 2400 records...
  Renamed 2500 records...
  Renamed 2600 records...
  Renamed 2700 records...
  Renamed 2800 records...
  Renamed 2900 records...
  Renamed 3000 records...
  Renamed 3100 records...
  Renamed 3200 records...
  Renamed 3300 records...
  Renamed 3400 records...
  Renamed 3500 records...
  Renamed 3600 records...
  Renamed 3700 records...
  Renamed 3800 records...
  Renamed 3900 records...
  Renamed 4000 records...
  Renamed 4100 records...
  Renamed 4200 records...
  Renamed 4300 records...
  Renamed 4400 records...
  Renamed 4500 records...
  Renamed 4600 records...
  Renamed 4700 records...
  Renamed 4800 records...
  Renamed 4900 records...
  Renamed 5000 records...
  Renamed 5100 records...
  Renamed 5200 records...
  Renamed 5300 records...
  Renamed 5400 records...
  Renamed 5500 records...
  Renamed 5600 records...
  Renamed 5700 records...
  Renamed 5800 records...
  Renamed 5900 records...
  Renamed 6000 records...
  Renamed 6100 records...
  Renamed 6200 records...
  Renamed 6300 records...
  Renamed 6400 records...
  Renamed 6500 records...
  Renamed 6600 records...
  Renamed 6700 records...
  Renamed 6800 records...
  Renamed 6900 records...
  Renamed 7000 records...
  Renamed 7100 records...
  Renamed 7200 records...
  Renamed 7300 records...
  Renamed 7400 records...
  Renamed 7500 records...
  Renamed 7600 records...
  Renamed 7700 records...
  Renamed 7800 records...
  Renamed 7900 records...
  Renamed 8000 records...
  Renamed 8100 records...
  Renamed 8200 records...
  Renamed 8300 records...
  Renamed 8400 records...
  Renamed 8500 records...
  Renamed 8600 records...
  Renamed 8700 records...
  Renamed 8800 records...
  Renamed 8900 records...
  Renamed 9000 records...
  Renamed 9100 records...
  Renamed 9200 records...
  Renamed 9300 records...
  Renamed 9400 records...
  Renamed 9500 records...
  Renamed 9600 records...
  Renamed 9700 records...
  Renamed 9800 records...
  Renamed 9900 records...
  Renamed 10000 records...
  Renamed 10100 records...
  Renamed 10200 records...
  Renamed 10300 records...
  Renamed 10400 records...
  Renamed 10500 records...
  Renamed 10600 records...
  Renamed 10700 records...
  Renamed 10800 records...
  Renamed 10900 records...
  Renamed 11000 records...
  Renamed 11100 records...
  Renamed 11200 records...
  Renamed 11300 records...
  Renamed 11400 records...
  Renamed 11500 records...
  Renamed 11600 records...
  Renamed 11700 records...
  Renamed 11800 records...
  Renamed 11900 records...
  Renamed 12000 records...
  Renamed 12100 records...
  Renamed 12200 records...
  Renamed 12300 records...
  Renamed 12400 records...
  Renamed 12500 records...
  Renamed 12600 records...
  Renamed 12700 records...
  Renamed 12800 records...
  Renamed 12900 records...
  Renamed 13000 records...
  Renamed 13100 records...
  Renamed 13200 records...
  Renamed 13300 records...
  Renamed 13400 records...
  Renamed 13500 records...
  Renamed 13600 records...
  Renamed 13700 records...
  Renamed 13800 records...
  Renamed 13900 records...
  Renamed 14000 records...
  Renamed 14100 records...
  Renamed 14200 records...
  Renamed 14300 records...
  Renamed 14400 records...
  Renamed 14500 records...
  Renamed 14600 records...
  Renamed 14700 records...
  Renamed 14800 records...
  Renamed 14900 records...
  Renamed 15000 records...
  Renamed 15100 records...
  Renamed 15200 records...
  Renamed 15300 records...
  Renamed 15400 records...
  Renamed 15500 records...
  Renamed 15600 records...
  Renamed 15700 records...
  Renamed 15800 records...
  Renamed 15900 records...
  Renamed 16000 records...
  Renamed 16100 records...
  Renamed 16200 records...
  Renamed 16300 records...
  Renamed 16400 records...
  Renamed 16500 records...
  Renamed 16600 records...
  Renamed 16700 records...
  Renamed 16800 records...
  Renamed 16900 records...
  Renamed 17000 records...
  Renamed 17100 records...
  Renamed 17200 records...
  Renamed 17300 records...
  Renamed 17400 records...
  Renamed 17500 records...
  Renamed 17600 records...
  Renamed 17700 records...
  Renamed 17800 records...
  Renamed 17900 records...
  Renamed 18000 records...
  Renamed 18100 records...
  Renamed 18200 records...
  Renamed 18300 records...
  Renamed 18400 records...
  Renamed 18500 records...
  Renamed 18600 records...
  Renamed 18700 records...
  Renamed 18800 records...
  Renamed 18900 records...
  Renamed 19000 records...
  Renamed 19100 records...
  Renamed 19200 records...
  Renamed 19300 records...
  Renamed 19400 records...
  Renamed 19500 records...
  Renamed 19600 records...
  Renamed 19700 records...
  Renamed 19800 records...
  Renamed 19900 records...
  Renamed 20000 records...
  Renamed 20100 records...
  Renamed 20200 records...
  Renamed 20300 records...
  Renamed 20400 records...
  Renamed 20500 records...
  Renamed 20600 records...
  Renamed 20700 records...
  Renamed 20800 records...
  Renamed 20900 records...
  Renamed 21000 records...
  Renamed 21100 records...
  Renamed 21200 records...
  Renamed 21300 records...
  Renamed 21400 records...
  Renamed 21500 records...
  Renamed 21600 records...
  Renamed 21700 records...
  Renamed 21800 records...
  Renamed 21900 records...
  Renamed 22000 records...
  Renamed 22100 records...
  Renamed 22200 records...
  Renamed 22300 records...
  Renamed 22400 records...
  Renamed 22500 records...
  Renamed 22600 records...
  Renamed 22700 records...
  Renamed 22800 records...
  Renamed 22900 records...
  Renamed 23000 records...
  Renamed 23100 records...
  Renamed 23200 records...
  Renamed 23300 records...
  Renamed 23400 records...
  Renamed 23500 records...
  Renamed 23600 records...
  Renamed 23700 records...
  Renamed 23800 records...
  Renamed 23900 records...
  Renamed 24000 records...
  Renamed 24100 records...
  Renamed 24200 records...
  Renamed 24300 records...
  Renamed 24400 records...
  Renamed 24500 records...
  Renamed 24600 records...
  Renamed 24700 records...
  Renamed 24800 records...
  Renamed 24900 records...
  Renamed 25000 records...
  Renamed 25100 records...
  Renamed 25200 records...
  Renamed 25300 records...
  Renamed 25400 records...
  Renamed 25500 records...
  Renamed 25600 records...
  Renamed 25700 records...
  Renamed 25800 records...
  Renamed 25900 records...
  Renamed 26000 records...
  Renamed 26100 records...
  Renamed 26200 records...
  Renamed 26300 records...
  Renamed 26400 records...
  Renamed 26500 records...
  Renamed 26600 records...
  Renamed 26700 records...
  Renamed 26800 records...
  Renamed 26900 records...
  Renamed 27000 records...
  Renamed 27100 records...
  Renamed 27200 records...
  Renamed 27300 records...
  Renamed 27400 records...
  Renamed 27500 records...
  Renamed 27600 records...
  Renamed 27700 records...
  Renamed 27800 records...
  Renamed 27900 records...
  Renamed 28000 records...
  Renamed 28100 records...
  Renamed 28200 records...
  Renamed 28300 records...
  Renamed 28400 records...
  Renamed 28500 records...
  Renamed 28600 records...
  Renamed 28700 records...
  Renamed 28800 records...
  Renamed 28900 records...
  Renamed 29000 records...
  Renamed 29100 records...
  Renamed 29200 records...
  Renamed 29300 records...
  Renamed 29400 records...
  Renamed 29500 records...
  Renamed 29600 records...
  Renamed 29700 records...
  Renamed 29800 records...
  Renamed 29900 records...
  Renamed 30000 records...
  Renamed 30100 records...
  Renamed 30200 records...
  Renamed 30300 records...
  Renamed 30400 records...
  Renamed 30500 records...
  Renamed 30600 records...
  Renamed 30700 records...
  Renamed 30800 records...
  Renamed 30900 records...
  Renamed 31000 records...
  Renamed 31100 records...
  Renamed 31200 records...
  Renamed 31300 records...
  Renamed 31400 records...
  Renamed 31500 records...
  Renamed 31600 records...
  Renamed 31700 records...
  Renamed 31800 records...
  Renamed 31900 records...
  Renamed 32000 records...
  Renamed 32100 records...
  Renamed 32200 records...
  Renamed 32300 records...
  Renamed 32400 records...
  Renamed 32500 records...
  Renamed 32600 records...
  Renamed 32700 records...
  Renamed 32800 records...
  Renamed 32900 records...
  Renamed 33000 records...
  Renamed 33100 records...
  Renamed 33200 records...
  Renamed 33300 records...
  Renamed 33400 records...
  Renamed 33500 records...
  Renamed 33600 records...
  Renamed 33700 records...
  Renamed 33800 records...
  Renamed 33900 records...
  Renamed 34000 records...
  Renamed 34100 records...
  Renamed 34200 records...
  Renamed 34300 records...
  Renamed 34400 records...
  Renamed 34500 records...
  Renamed 34600 records...
  Renamed 34700 records...
  Renamed 34800 records...
  Renamed 34900 records...
  Renamed 35000 records...
  Renamed 35100 records...
  Renamed 35200 records...
  Renamed 35300 records...
  Renamed 35400 records...
  Renamed 35500 records...
  Renamed 35600 records...
  Renamed 35700 records...
  Renamed 35800 records...
  Renamed 35900 records...
  Renamed 36000 records...
  Renamed 36100 records...
  Renamed 36200 records...
  Renamed 36300 records...
  Renamed 36400 records...
  Renamed 36500 records...
  Renamed 36600 records...
  Renamed 36700 records...
  Renamed 36800 records...
  Renamed 36900 records...
  Renamed 37000 records...
  Renamed 37100 records...
  Renamed 37200 records...
  Renamed 37300 records...
  Renamed 37400 records...
  Renamed 37500 records...
  Renamed 37600 records...
  Renamed 37700 records...
  Renamed 37800 records...
  Renamed 37900 records...
  Renamed 38000 records...
  Renamed 38100 records...
  Renamed 38200 records...
  Renamed 38300 records...
  Renamed 38400 records...
  Renamed 38500 records...
  Renamed 38600 records...
  Renamed 38700 records...
  Renamed 38800 records...
  Renamed 38900 records...
  Renamed 39000 records...
  Renamed 39100 records...
  Renamed 39200 records...
  Renamed 39300 records...
  Renamed 39400 records...
  Renamed 39500 records...
  Renamed 39600 records...
  Renamed 39700 records...
  Renamed 39800 records...
  Renamed 39900 records...
  Renamed 40000 records...
  Renamed 40100 records...
  Renamed 40200 records...
  Renamed 40300 records...
  Renamed 40400 records...
  Renamed 40500 records...
  Renamed 40600 records...
  Renamed 40700 records...
  Renamed 40800 records...
  Renamed 40900 records...
  Renamed 41000 records...
  Renamed 41100 records...
  Renamed 41200 records...
  Renamed 41300 records...
  Renamed 41400 records...
  Renamed 41500 records...
  Renamed 41600 records...
  Renamed 41700 records...
  Renamed 41800 records...
  Renamed 41900 records...
  Renamed 42000 records...
  Renamed 42100 records...
  Renamed 42200 records...
  Renamed 42300 records...
  Renamed 42400 records...
  Renamed 42500 records...
  Renamed 42600 records...
  Renamed 42700 records...
  Renamed 42800 records...
  Renamed 42900 records...
  Renamed 43000 records...
  Renamed 43100 records...
  Renamed 43200 records...
  Renamed 43300 records...
  Renamed 43400 records...
  Renamed 43500 records...
  Renamed 43600 records...
  Renamed 43700 records...
  Renamed 43800 records...
  Renamed 43900 records...
  Renamed 44000 records...
  Renamed 44100 records...
  Renamed 44200 records...
  Renamed 44300 records...
  Renamed 44400 records...
  Renamed 44500 records...
  Renamed 44600 records...
  Renamed 44700 records...
  Renamed 44800 records...
  Renamed 44900 records...
  Renamed 45000 records...
  Renamed 45100 records...
  Renamed 45200 records...
  Renamed 45300 records...
  Renamed 45400 records...
  Renamed 45500 records...
  Renamed 45600 records...
  Renamed 45700 records...
  Renamed 45800 records...
  Renamed 45900 records...
  Renamed 46000 records...
  Renamed 46100 records...
  Renamed 46200 records...
  Renamed 46300 records...
  Renamed 46400 records...
  Renamed 46500 records...
  Renamed 46600 records...
  Renamed 46700 records...
  Renamed 46800 records...
  Renamed 46900 records...
  Renamed 47000 records...
  Renamed 47100 records...
  Renamed 47200 records...
  Renamed 47300 records...
  Renamed 47400 records...
  Renamed 47500 records...
  Renamed 47600 records...
  Renamed 47700 records...
  Renamed 47800 records...
  Renamed 47900 records...
  Renamed 48000 records...
  Renamed 48100 records...
  Renamed 48200 records...
  Renamed 48300 records...
  Renamed 48400 records...
  Renamed 48500 records...
  Renamed 48600 records...
  Renamed 48700 records...
  Renamed 48800 records...
  Renamed 48900 records...
  Renamed 49000 records...
  Renamed 49100 records...
  Renamed 49200 records...
  Renamed 49300 records...
  Renamed 49400 records...
  Renamed 49500 records...
  Renamed 49600 records...
  Renamed 49700 records...
  Renamed 49800 records...
  Renamed 49900 records...
  Renamed 50000 records...
  Renamed 50100 records...
  Renamed 50200 records...
  Renamed 50300 records...
  Renamed 50400 records...
  Renamed 50500 records...
  Renamed 50600 records...
  Renamed 50700 records...
  Renamed 50800 records...
  Renamed 50900 records...
  Renamed 51000 records...
  Renamed 51100 records...
  Renamed 51200 records...
  Renamed 51300 records...
  Renamed 51400 records...
  Renamed 51500 records...
  Renamed 51600 records...
  Renamed 51700 records...
  Renamed 51800 records...
  Renamed 51900 records...
  Renamed 52000 records...
  Renamed 52100 records...
  Renamed 52200 records...
  Renamed 52300 records...
  Renamed 52400 records...
  Renamed 52500 records...
  Renamed 52600 records...
  Renamed 52700 records...
  Renamed 52800 records...
  Renamed 52900 records...
  Renamed 53000 records...
  Renamed 53100 records...
  Renamed 53200 records...
  Renamed 53300 records...
  Renamed 53400 records...
  Renamed 53500 records...
  Renamed 53600 records...
  Renamed 53700 records...
  Renamed 53800 records...
  Renamed 53900 records...
  Renamed 54000 records...
  Renamed 54100 records...
  Renamed 54200 records...
  Renamed 54300 records...
  Renamed 54400 records...
  Renamed 54500 records...
  Renamed 54600 records...
  Renamed 54700 records...
  Renamed 54800 records...
  Renamed 54900 records...
  Renamed 55000 records...
  Renamed 55100 records...
  Renamed 55200 records...
  Renamed 55300 records...
  Renamed 55400 records...
  Renamed 55500 records...
  Renamed 55600 records...
  Renamed 55700 records...
  Renamed 55800 records...
  Renamed 55900 records...
  Renamed 56000 records...
  Renamed 56100 records...
  Renamed 56200 records...
  Renamed 56300 records...
  Renamed 56400 records...
  Renamed 56500 records...
  Renamed 56600 records...
  Renamed 56700 records...
  Renamed 56800 records...
  Renamed 56900 records...
  Renamed 57000 records...
  Renamed 57100 records...
  Renamed 57200 records...
  Renamed 57300 records...
  Renamed 57400 records...
  Renamed 57500 records...
  Renamed 57600 records...
  Renamed 57700 records...
  Renamed 57800 records...
  Renamed 57900 records...
  Renamed 58000 records...
  Renamed 58100 records...
  Renamed 58200 records...
  Renamed 58300 records...
  Renamed 58400 records...
  Renamed 58500 records...
  Renamed 58600 records...
  Renamed 58700 records...
  Renamed 58800 records...
  Renamed 58900 records...
  Renamed 59000 records...
  Renamed 59100 records...
  Renamed 59200 records...
  Renamed 59300 records...
  Renamed 59400 records...
  Renamed 59500 records...
  Renamed 59600 records...
  Renamed 59700 records...
  Renamed 59800 records...
  Renamed 59900 records...
  Renamed 60000 records...
  Renamed 60100 records...
  Renamed 60200 records...
  Renamed 60300 records...
  Renamed 60400 records...
  Renamed 60500 records...
  Renamed 60600 records...
  Renamed 60700 records...
  Renamed 60800 records...
  Renamed 60900 records...
  Renamed 61000 records...
  Renamed 61100 records...
  Renamed 61200 records...
  Renamed 61300 records...
  Renamed 61400 records...
  Renamed 61500 records...
  Renamed 61600 records...
  Renamed 61700 records...
  Renamed 61800 records...
  Renamed 61900 records...
  Renamed 62000 records...
  Renamed 62100 records...
  Renamed 62200 records...
  Renamed 62300 records...
  Renamed 62400 records...
  Renamed 62500 records...
  Renamed 62600 records...
  Renamed 62700 records...
  Renamed 62800 records...
  Renamed 62900 records...
  Renamed 63000 records...
  Renamed 63100 records...
  Renamed 63200 records...
  Renamed 63300 records...
  Renamed 63400 records...
  Renamed 63500 records...
  Renamed 63600 records...
  Renamed 63700 records...
  Renamed 63800 records...
  Renamed 63900 records...
  Renamed 64000 records...
  Renamed 64100 records...
  Renamed 64200 records...
  Renamed 64300 records...
  Renamed 64400 records...
  Renamed 64500 records...
  Renamed 64600 records...
  Renamed 64700 records...
  Renamed 64800 records...
  Renamed 64900 records...
  Renamed 65000 records...
  Renamed 65100 records...
  Renamed 65200 records...
  Renamed 65300 records...
  Renamed 65400 records...
  Renamed 65500 records...
  Renamed 65600 records...
  Renamed 65700 records...
  Renamed 65800 records...
  Renamed 65900 records...
  Renamed 66000 records...
  Renamed 66100 records...
  Renamed 66200 records...
  Renamed 66300 records...
  Renamed 66400 records...
  Renamed 66500 records...
  Renamed 66600 records...
  Renamed 66700 records...
  Renamed 66800 records...
  Renamed 66900 records...
  Renamed 67000 records...
  Renamed 67100 records...
  Renamed 67200 records...
  Renamed 67300 records...
  Renamed 67400 records...
  Renamed 67500 records...
  Renamed 67600 records...
  Renamed 67700 records...
  Renamed 67800 records...
  Renamed 67900 records...
  Renamed 68000 records...
  Renamed 68100 records...
  Renamed 68200 records...
  Renamed 68300 records...
  Renamed 68400 records...
  Renamed 68500 records...
  Renamed 68600 records...
  Renamed 68700 records...
  Renamed 68800 records...
  Renamed 68900 records...
  Renamed 69000 records...
  Renamed 69100 records...
  Renamed 69200 records...
  Renamed 69300 records...
  Renamed 69400 records...
  Renamed 69500 records...
  Renamed 69600 records...
  Renamed 69700 records...
  Renamed 69800 records...
  Renamed 69900 records...
  Renamed 70000 records...
  Renamed 70100 records...
  Renamed 70200 records...
  Renamed 70300 records...
  Renamed 70400 records...
  Renamed 70500 records...
  Renamed 70600 records...
  Renamed 70700 records...
  Renamed 70800 records...
  Renamed 70900 records...
  Renamed 71000 records...
  Renamed 71100 records...
  Renamed 71200 records...
  Renamed 71300 records...
  Renamed 71400 records...
  Renamed 71500 records...
  Renamed 71600 records...
  Renamed 71700 records...
  Renamed 71800 records...
  Renamed 71900 records...
  Renamed 72000 records...
  Renamed 72100 records...
  Renamed 72200 records...
  Renamed 72300 records...
  Renamed 72400 records...
  Renamed 72500 records...
  Renamed 72600 records...
  Renamed 72700 records...
  Renamed 72800 records...
  Renamed 72900 records...
  Renamed 73000 records...
  Renamed 73100 records...
  Renamed 73200 records...
  Renamed 73300 records...
  Renamed 73400 records...
  Renamed 73500 records...
  Renamed 73600 records...
  Renamed 73700 records...
  Renamed 73800 records...
  Renamed 73900 records...
  Renamed 74000 records...
  Renamed 74100 records...
  Renamed 74200 records...
  Renamed 74300 records...
  Renamed 74400 records...
  Renamed 74500 records...
  Renamed 74600 records...
  Renamed 74700 records...
  Renamed 74800 records...
  Renamed 74900 records...
  Renamed 75000 records...
  Renamed 75100 records...
  Renamed 75200 records...
  Renamed 75300 records...
  Renamed 75400 records...
  Renamed 75500 records...
  Renamed 75600 records...
  Renamed 75700 records...
  Renamed 75800 records...
  Renamed 75900 records...
  Renamed 76000 records...
  Renamed 76100 records...
  Renamed 76200 records...
  Renamed 76300 records...
  Renamed 76400 records...
  Renamed 76500 records...
  Renamed 76600 records...
  Renamed 76700 records...
  Renamed 76800 records...
  Renamed 76900 records...
  Renamed 77000 records...
  Renamed 77100 records...
  Renamed 77200 records...
  Renamed 77300 records...
  Renamed 77400 records...
  Renamed 77500 records...
  Renamed 77600 records...
  Renamed 77700 records...
  Renamed 77800 records...
  Renamed 77900 records...
  Renamed 78000 records...
  Renamed 78100 records...
  Renamed 78200 records...
  Renamed 78300 records...
  Renamed 78400 records...
  Renamed 78500 records...
  Renamed 78600 records...
  Renamed 78700 records...
  Renamed 78800 records...
  Renamed 78900 records...
  Renamed 79000 records...
  Renamed 79100 records...
  Renamed 79200 records...
  Renamed 79300 records...
  Renamed 79400 records...
  Renamed 79500 records...
  Renamed 79600 records...
  Renamed 79700 records...
  Renamed 79800 records...
  Renamed 79900 records...
  Renamed 80000 records...
  Renamed 80100 records...
  Renamed 80200 records...
  Renamed 80300 records...
  Renamed 80400 records...
  Renamed 80500 records...
  Renamed 80600 records...
  Renamed 80700 records...
  Renamed 80800 records...
  Renamed 80900 records...
  Renamed 81000 records...
  Renamed 81100 records...
  Renamed 81200 records...
  Renamed 81300 records...
  Renamed 81400 records...
  Renamed 81500 records...
  Renamed 81600 records...
  Renamed 81700 records...
  Renamed 81800 records...
  Renamed 81900 records...
✅ Renamed 81924 records to match longer names

🔍 Finding similar name groups (top 300)...
✅ Found 300 similar name groups needing resolution


============================================================
📦 Processing batch 1 (30 name groups)
============================================================

[1/30] Checking: Bai Amelia ABO, Baiamelia ABO (similarity: 0.95)
⚠️ API error: 400
  ❌ Different persons (confidence: 0/10)
[2/30] Checking: Abdulsucor ALAMADA, Abdusucor ALAMADA (similarity: 0.95)
⚠️ API error: 400
  ❌ Different persons (confidence: 0/10)
[3/30] Checking: Abdulsucor ALAMADA, Abdusucor ALAMADA (similarity: 0.95)
⚠️ API error: 400
  ❌ Different persons (confidence: 0/10)
[4/30] Checking: Abdulrakib ASADIL, Abdurakib ASADIL (similarity: 0.95)
⚠️ API error: 400
  ❌ Different persons (confidence: 0/10)
[5/30] Checking: Abdulrakib ASADIL, Abdurakib ASADIL (similarity: 0.95)
⚠️ API error: 400
  ❌ Different persons (confidence: 0/10)
[6/30] Checking: Rose Marie BADENAS, Rosemarie BADENAS (similarity: 0.95)
⚠️ API error: 400
  ❌ Different persons (confidence: 0/10)
[7/30] Checking: Rose Marie BADENAS, Rosemarie BADENAS (similarity: 0.95)
⚠️ API error: 400
  ❌ Different persons (confidence: 0/10)
[8/30] Checking: Rose Marie BADENAS, Rosemarie BADENAS (similarity: 0.95)
⚠️ API error: 400
  ❌ Different persons (confidence: 0/10)
[9/30] Checking: ABULKHAIR BILAO, Abdulkhair BILAO (similarity: 0.95)
⚠️ API error: 400
  ❌ Different persons (confidence: 0/10)
[10/30] Checking: BENARDINO CHICHIRITA, BERNARDINO CHICHIRITA (similarity: 0.95)
⚠️ API error: 400
  ❌ Different persons (confidence: 0/10)
[11/30] Checking: BENARDINO CHICHIRITA, BERNARDINO CHICHIRITA (similarity: 0.95)
⚠️ API error: 400
  ❌ Different persons (confidence: 0/10)
[12/30] Checking: BENARDINO CHICHIRITA, BERNARDINO CHICHIRITA (similarity: 0.95)
⚠️ API error: 400
  ❌ Different persons (confidence: 0/10)
[13/30] Checking: BENARDINO CHICHIRITA, BERNARDINO CHICHIRITA (similarity: 0.95)
⚠️ API error: 400
  ❌ Different persons (confidence: 0/10)
[14/30] Checking: BERNARDINO CHICHIRITA, BENARDINO CHICHIRITA (similarity: 0.95)
⚠️ API error: 400
  ❌ Different persons (confidence: 0/10)
[15/30] Checking: BENARDINO CHICHIRITA, BERNARDINO CHICHIRITA (similarity: 0.95)
⚠️ API error: 400
  ❌ Different persons (confidence: 0/10)
[16/30] Checking: BENARDINO CHICHIRITA, BERNARDINO CHICHIRITA (similarity: 0.95)
⚠️ API error: 400
  ❌ Different persons (confidence: 0/10)
[17/30] Checking: BENARDINO CHICHIRITA, BERNARDINO CHICHIRITA (similarity: 0.95)
⚠️ API error: 400
  ❌ Different persons (confidence: 0/10)
[18/30] Checking: Sa-Aduddin DAROYODUN, Saaduddin DAROYODUN (similarity: 0.95)
⚠️ API error: 400
  ❌ Different persons (confidence: 0/10)
[19/30] Checking: Lutgardes DOLAOCO, Luthgardes DOLAOCO (similarity: 0.95)
⚠️ API error: 400
  ❌ Different persons (confidence: 0/10)
[20/30] Checking: Jethro Leo GALDO, Jethroleo GALDO (similarity: 0.95)
⚠️ API error: 400
  ❌ Different persons (confidence: 0/10)
[21/30] Checking: Jethro Leo GALDO, Jethroleo GALDO (similarity: 0.95)
⚠️ API error: 400
  ❌ Different persons (confidence: 0/10)
[22/30] Checking: Millenium GARCIA, Millennium GARCIA (similarity: 0.95)
⚠️ API error: 400
  ❌ Different persons (confidence: 0/10)
[23/30] Checking: Gil Norman GERMINO, Gilnorman GERMINO (similarity: 0.95)
⚠️ API error: 400
  ❌ Different persons (confidence: 0/10)
[24/30] Checking: Gil Norman GERMINO, Gilnorman GERMINO (similarity: 0.95)
⚠️ API error: 400
  ❌ Different persons (confidence: 0/10)
[25/30] Checking: Gil Norman GERMINO, Gilnorman GERMINO (similarity: 0.95)
⚠️ API error: 400
  ❌ Different persons (confidence: 0/10)
[26/30] Checking: Florenito GONZAGA, Florennito GONZAGA (similarity: 0.95)
⚠️ API error: 400
  ❌ Different persons (confidence: 0/10)
[27/30] Checking: Florenito GONZAGA, Florennito GONZAGA (similarity: 0.95)
⚠️ API error: 400
  ❌ Different persons (confidence: 0/10)
[28/30] Checking: Florenito GONZAGA, Florennito GONZAGA (similarity: 0.95)
⚠️ API error: 400
  ❌ Different persons (confidence: 0/10)
[29/30] Checking: Brillante INCIONG, Brilliante INCIONG (similarity: 0.95)
⚠️ API error: 400
  ❌ Different persons (confidence: 0/10)
[30/30] Checking: Brillante INCIONG, Brilliante INCIONG (similarity: 0.95)
⚠️ API error: 400
  ❌ Different persons (confidence: 0/10)

✅ Batch 1 complete: Renamed 0 groups


📊 Progress: 30/300 groups processed, 0 total renamed


============================================================
📦 Processing batch 2 (30 name groups)
============================================================

[1/30] Checking: Leslie Joy JORE, Lesliejoy JORE (similarity: 0.95)
⚠️ API error: 400
  ❌ Different persons (confidence: 0/10)
[2/30] Checking: Bajho Naid LANTUD, Bajhonaid LANTUD (similarity: 0.95)
⚠️ API error: 400
  ❌ Different persons (confidence: 0/10)
[3/30] Checking: Ruben Jude LIM, Rubenjude LIM (similarity: 0.95)
⚠️ API error: 400
  ❌ Different persons (confidence: 0/10)
[4/30] Checking: Abdul Said LUMENDA, Abdulsaid LUMENDA (similarity: 0.95)
⚠️ API error: 400
  ❌ Different persons (confidence: 0/10)
[5/30] Checking: Abdul Said LUMENDA, Abdulsaid LUMENDA (similarity: 0.95)
⚠️ API error: 400
  ❌ Different persons (confidence: 0/10)
[6/30] Checking: KRIZZEL D. MEMBREBE, RIZZEL D. MEMBREBE (similarity: 0.95)
⚠️ API error: 400
  ❌ Different persons (confidence: 0/10)
[7/30] Checking: KRIZZEL D. MEMBREBE, RIZZEL D. MEMBREBE (similarity: 0.95)
⚠️ API error: 400
  ❌ Different persons (confidence: 0/10)
[8/30] Checking: CRESCENCIO PACALSO, Cresencio PACALSO (similarity: 0.95)
⚠️ API error: 400
  ❌ Different persons (confidence: 0/10)
[9/30] Checking: CRESCENCIO PACALSO, Cresencio PACALSO (similarity: 0.95)
⚠️ API error: 400
  ❌ Different persons (confidence: 0/10)
[10/30] Checking: CRESCENCIO PACALSO, Cresencio PACALSO (similarity: 0.95)
⚠️ API error: 400
  ❌ Different persons (confidence: 0/10)
[11/30] Checking: CRESCENCIO PACALSO, Cresencio PACALSO (similarity: 0.95)
⚠️ API error: 400
  ❌ Different persons (confidence: 0/10)
[12/30] Checking: CRESCENCIO PACALSO, Cresencio PACALSO (similarity: 0.95)
⚠️ API error: 400
  ❌ Different persons (confidence: 0/10)
[13/30] Checking: CRESCENCIO PACALSO, Cresencio PACALSO (similarity: 0.95)
⚠️ API error: 400
  ❌ Different persons (confidence: 0/10)
[14/30] Checking: J Melchor QUITAIN, J. Melchor QUITAIN (similarity: 0.95)
⚠️ API error: 400
  ❌ Different persons (confidence: 0/10)
[15/30] Checking: J Melchor QUITAIN, J. Melchor QUITAIN (similarity: 0.95)
⚠️ API error: 400
  ❌ Different persons (confidence: 0/10)
[16/30] Checking: Datu Ombra SINSUAT, Datuombra SINSUAT (similarity: 0.95)
⚠️ API error: 400
  ❌ Different persons (confidence: 0/10)
[17/30] Checking: Abdulhakim SAILILLA, Abulhakim SAILILLA (similarity: 0.95)
⚠️ API error: 400
  ❌ Different persons (confidence: 0/10)
[18/30] Checking: Bonifacio SALAPANTAN, Bonifacio. SALAPANTAN (similarity: 0.95)
⚠️ API error: 400
  ❌ Different persons (confidence: 0/10)
[19/30] Checking: Bonifacio SALAPANTAN, Bonifacio. SALAPANTAN (similarity: 0.95)
⚠️ API error: 400
  ❌ Different persons (confidence: 0/10)
[20/30] Checking: Bonifacio SALAPANTAN, Bonifacio. SALAPANTAN (similarity: 0.95)
⚠️ API error: 400
  ❌ Different persons (confidence: 0/10)
[21/30] Checking: Bonifacio SALAPANTAN, Bonifacio. SALAPANTAN (similarity: 0.95)
⚠️ API error: 400
  ❌ Different persons (confidence: 0/10)
[22/30] Checking: Rey Nelson TRANQUILINO, Reynelson TRANQUILINO (similarity: 0.95)
⚠️ API error: 400
  ❌ Different persons (confidence: 0/10)
[23/30] Checking: Rey Nelson TRANQUILINO, Reynelson TRANQUILINO (similarity: 0.95)
⚠️ API error: 400
  ❌ Different persons (confidence: 0/10)
[24/30] Checking: LESLIEANN UYVICO, Leslie Ann UYVICO (similarity: 0.95)
⚠️ API error: 400
  ❌ Different persons (confidence: 0/10)
[25/30] Checking: LESLIEANN UYVICO, Leslie Ann UYVICO (similarity: 0.95)
⚠️ API error: 400
  ❌ Different persons (confidence: 0/10)
[26/30] Checking: Mac Arthur VALDEMAR, Mac Artur VALDEMAR (similarity: 0.95)
⚠️ API error: 400
  ❌ Different persons (confidence: 0/10)
[27/30] Checking: Mac Arthur VALDEMAR, Mac Artur VALDEMAR (similarity: 0.95)
⚠️ API error: 400
  ❌ Different persons (confidence: 0/10)
[28/30] Checking: Mac Arthur VALDEMAR, Mac Artur VALDEMAR (similarity: 0.95)
⚠️ API error: 400
  ❌ Different persons (confidence: 0/10)
[29/30] Checking: Ma. Medina VILLAREAL, Ma.Medina VILLAREAL (similarity: 0.95)
⚠️ API error: 400
  ❌ Different persons (confidence: 0/10)
[30/30] Checking: Ma. Medina VILLAREAL, Ma.Medina VILLAREAL (similarity: 0.95)
⚠️ API error: 400
  ❌ Different persons (confidence: 0/10)

✅ Batch 2 complete: Renamed 0 groups


📊 Progress: 60/300 groups processed, 0 total renamed


============================================================
📦 Processing batch 3 (30 name groups)
============================================================

[1/30] Checking: Ma. Medina VILLAREAL, Ma.Medina VILLAREAL (similarity: 0.95)
⚠️ API error: 400
  ❌ Different persons (confidence: 0/10)
[2/30] Checking: Alinaer Nathangcop PANGANDAMAN, Alinair Nathangcop PANGANDAMAN (similarity: 0.94)
⚠️ API error: 400
  ❌ Different persons (confidence: 0/10)
[3/30] Checking: PRISCILA ABANTE, PRISCILLA ABANTE (similarity: 0.94)
⚠️ API error: 400
  ❌ Different persons (confidence: 0/10)
[4/30] Checking: DATUWATA ADZIS, Datu Wata ADZIS (similarity: 0.94)
⚠️ API error: 400
  ❌ Different persons (confidence: 0/10)
[5/30] Checking: DATUWATA ADZIS, Datu Wata ADZIS (similarity: 0.94)
⚠️ API error: 400
  ❌ Different persons (confidence: 0/10)
[6/30] Checking: DATUWATA ADZIS, Datu Wata ADZIS (similarity: 0.94)
⚠️ API error: 400
  ❌ Different persons (confidence: 0/10)
[7/30] Checking: DATUWATA ADZIS, Datu Wata ADZIS (similarity: 0.94)
⚠️ API error: 400
  ❌ Different persons (confidence: 0/10)
[8/30] Checking: BENEDICT ALCALA, Benedicto ALCALA (similarity: 0.94)
⚠️ API error: 400
  ❌ Different persons (confidence: 0/10)
[9/30] Checking: BENEDICT ALCALA, Benedicto ALCALA (similarity: 0.94)
⚠️ API error: 400
  ❌ Different persons (confidence: 0/10)
[10/30] Checking: BENEDICT ALCALA, Benedicto ALCALA (similarity: 0.94)
⚠️ API error: 400
  ❌ Different persons (confidence: 0/10)
[11/30] Checking: BENEDICT ALCALA, Benedicto ALCALA (similarity: 0.94)
⚠️ API error: 400
  ❌ Different persons (confidence: 0/10)
[12/30] Checking: BENEDICT ALCALA, Benedicto ALCALA (similarity: 0.94)
⚠️ API error: 400
  ❌ Different persons (confidence: 0/10)
[13/30] Checking: BENEDICT ALCALA, Benedicto ALCALA (similarity: 0.94)
⚠️ API error: 400
  ❌ Different persons (confidence: 0/10)
[14/30] Checking: BENEDICT ALCALA, Benedicto ALCALA (similarity: 0.94)
⚠️ API error: 400
  ❌ Different persons (confidence: 0/10)
[15/30] Checking: BENEDICT ALCALA, Benedicto ALCALA (similarity: 0.94)
⚠️ API error: 400
  ❌ Different persons (confidence: 0/10)
[16/30] Checking: BENEDICT ALCALA, Benedicto ALCALA (similarity: 0.94)
⚠️ API error: 400
  ❌ Different persons (confidence: 0/10)
[17/30] Checking: BENEDICT ALCALA, Benedicto ALCALA (similarity: 0.94)
⚠️ API error: 400
  ❌ Different persons (confidence: 0/10)
[18/30] Checking: BENEDICT ALCALA, Benedicto ALCALA (similarity: 0.94)
⚠️ API error: 400
  ❌ Different persons (confidence: 0/10)
[19/30] Checking: BENEDICT ALCALA, Benedicto ALCALA (similarity: 0.94)
⚠️ API error: 400
  ❌ Different persons (confidence: 0/10)
[20/30] Checking: BENEDICT ALCALA, Benedicto ALCALA (similarity: 0.94)
⚠️ API error: 400
  ❌ Different persons (confidence: 0/10)
[21/30] Checking: BENEDICT ALCALA, Benedicto ALCALA (similarity: 0.94)
⚠️ API error: 400
  ❌ Different persons (confidence: 0/10)
[22/30] Checking: BENEDICT ALCALA, Benedicto ALCALA (similarity: 0.94)
⚠️ API error: 400
  ❌ Different persons (confidence: 0/10)
[23/30] Checking: BENEDICT ALCALA, Benedicto ALCALA (similarity: 0.94)
⚠️ API error: 400
  ❌ Different persons (confidence: 0/10)
[24/30] Checking: BENEDICT ALCALA, Benedicto ALCALA (similarity: 0.94)
⚠️ API error: 400
  ❌ Different persons (confidence: 0/10)
[25/30] Checking: BENEDICT ALCALA, Benedicto ALCALA (similarity: 0.94)
⚠️ API error: 400
  ❌ Different persons (confidence: 0/10)
[26/30] Checking: BENEDICT ALCALA, Benedicto ALCALA (similarity: 0.94)
⚠️ API error: 400
  ❌ Different persons (confidence: 0/10)
[27/30] Checking: BENEDICT ALCALA, Benedicto ALCALA (similarity: 0.94)
⚠️ API error: 400
  ❌ Different persons (confidence: 0/10)
[28/30] Checking: BENEDICT ALCALA, Benedicto ALCALA (similarity: 0.94)
⚠️ API error: 400
  ❌ Different persons (confidence: 0/10)
[29/30] Checking: BENEDICT ALCALA, Benedicto ALCALA (similarity: 0.94)
⚠️ API error: 400
  ❌ Different persons (confidence: 0/10)
[30/30] Checking: BENEDICT ALCALA, Benedicto ALCALA (similarity: 0.94)
⚠️ API error: 400
  ❌ Different persons (confidence: 0/10)

✅ Batch 3 complete: Renamed 0 groups


📊 Progress: 90/300 groups processed, 0 total renamed


============================================================
📦 Processing batch 4 (30 name groups)
============================================================

[1/30] Checking: BENEDICT ALCALA, Benedicto ALCALA (similarity: 0.94)
⚠️ API error: 400
  ❌ Different persons (confidence: 0/10)
[2/30] Checking: BENEDICT ALCALA, Benedicto ALCALA (similarity: 0.94)
⚠️ API error: 400
  ❌ Different persons (confidence: 0/10)
[3/30] Checking: BENEDICT ALCALA, Benedicto ALCALA (similarity: 0.94)
⚠️ API error: 400
  ❌ Different persons (confidence: 0/10)
[4/30] Checking: BENEDICT ALCALA, Benedicto ALCALA (similarity: 0.94)
⚠️ API error: 400
  ❌ Different persons (confidence: 0/10)
[5/30] Checking: BENEDICT ALCALA, Benedicto ALCALA (similarity: 0.94)
⚠️ API error: 400
  ❌ Different persons (confidence: 0/10)
[6/30] Checking: BENEDICT ALCALA, Benedicto ALCALA (similarity: 0.94)
⚠️ API error: 400
  ❌ Different persons (confidence: 0/10)
[7/30] Checking: BENEDICT ALCALA, Benedicto ALCALA (similarity: 0.94)
⚠️ API error: 400
  ❌ Different persons (confidence: 0/10)
[8/30] Checking: BENEDICT ALCALA, Benedicto ALCALA (similarity: 0.94)
⚠️ API error: 400
  ❌ Different persons (confidence: 0/10)
[9/30] Checking: BENEDICT ALCALA, Benedicto ALCALA (similarity: 0.94)
⚠️ API error: 400
  ❌ Different persons (confidence: 0/10)
[10/30] Checking: BENEDICT ALCALA, Benedicto ALCALA (similarity: 0.94)
⚠️ API error: 400
  ❌ Different persons (confidence: 0/10)
[11/30] Checking: BENEDICT ALCALA, Benedicto ALCALA (similarity: 0.94)
⚠️ API error: 400
  ❌ Different persons (confidence: 0/10)
[12/30] Checking: BENEDICT ALCALA, Benedicto ALCALA (similarity: 0.94)
⚠️ API error: 400
  ❌ Different persons (confidence: 0/10)
[13/30] Checking: BENEDICT ALCALA, Benedicto ALCALA (similarity: 0.94)
⚠️ API error: 400
  ❌ Different persons (confidence: 0/10)
[14/30] Checking: BENEDICT ALCALA, Benedicto ALCALA (similarity: 0.94)
⚠️ API error: 400
  ❌ Different persons (confidence: 0/10)
[15/30] Checking: BENEDICT ALCALA, Benedicto ALCALA (similarity: 0.94)
⚠️ API error: 400
  ❌ Different persons (confidence: 0/10)
[16/30] Checking: BENEDICT ALCALA, Benedicto ALCALA (similarity: 0.94)
⚠️ API error: 400
  ❌ Different persons (confidence: 0/10)
[17/30] Checking: BENEDICT ALCALA, Benedicto ALCALA (similarity: 0.94)
⚠️ API error: 400
  ❌ Different persons (confidence: 0/10)
[18/30] Checking: BENEDICT ALCALA, Benedicto ALCALA (similarity: 0.94)
⚠️ API error: 400
  ❌ Different persons (confidence: 0/10)
[19/30] Checking: BENEDICT ALCALA, Benedicto ALCALA (similarity: 0.94)
⚠️ API error: 400
  ❌ Different persons (confidence: 0/10)
[20/30] Checking: BENEDICT ALCALA, Benedicto ALCALA (similarity: 0.94)
⚠️ API error: 400
  ❌ Different persons (confidence: 0/10)
[21/30] Checking: BENEDICT ALCALA, Benedicto ALCALA (similarity: 0.94)
⚠️ API error: 400
  ❌ Different persons (confidence: 0/10)
[22/30] Checking: BENEDICT ALCALA, Benedicto ALCALA (similarity: 0.94)
⚠️ API error: 400
  ❌ Different persons (confidence: 0/10)
[23/30] Checking: BENEDICT ALCALA, Benedicto ALCALA (similarity: 0.94)
⚠️ API error: 400
  ❌ Different persons (confidence: 0/10)
[24/30] Checking: BENEDICT ALCALA, Benedicto ALCALA (similarity: 0.94)
⚠️ API error: 400
  ❌ Different persons (confidence: 0/10)
[25/30] Checking: BENEDICT ALCALA, Benedicto ALCALA (similarity: 0.94)
⚠️ API error: 400
  ❌ Different persons (confidence: 0/10)
[26/30] Checking: BENEDICT ALCALA, Benedicto ALCALA (similarity: 0.94)
⚠️ API error: 400
  ❌ Different persons (confidence: 0/10)
[27/30] Checking: BENEDICT ALCALA, Benedicto ALCALA (similarity: 0.94)
⚠️ API error: 400
  ❌ Different persons (confidence: 0/10)
[28/30] Checking: BENEDICT ALCALA, Benedicto ALCALA (similarity: 0.94)
⚠️ API error: 400
  ❌ Different persons (confidence: 0/10)
[29/30] Checking: BENEDICT ALCALA, Benedicto ALCALA (similarity: 0.94)
⚠️ API error: 400
  ❌ Different persons (confidence: 0/10)
[30/30] Checking: BENEDICT ALCALA, Benedicto ALCALA (similarity: 0.94)
⚠️ API error: 400
  ❌ Different persons (confidence: 0/10)

✅ Batch 4 complete: Renamed 0 groups


📊 Progress: 120/300 groups processed, 0 total renamed


============================================================
📦 Processing batch 5 (30 name groups)
============================================================

[1/30] Checking: BENEDICT ALCALA, Benedicto ALCALA (similarity: 0.94)
⚠️ API error: 400
  ❌ Different persons (confidence: 0/10)
[2/30] Checking: BENEDICT ALCALA, Benedicto ALCALA (similarity: 0.94)
⚠️ API error: 400
  ❌ Different persons (confidence: 0/10)
[3/30] Checking: BENEDICT ALCALA, Benedicto ALCALA (similarity: 0.94)
⚠️ API error: 400
  ❌ Different persons (confidence: 0/10)
[4/30] Checking: BENEDICT ALCALA, Benedicto ALCALA (similarity: 0.94)
⚠️ API error: 400
  ❌ Different persons (confidence: 0/10)
[5/30] Checking: BENEDICT ALCALA, Benedicto ALCALA (similarity: 0.94)
⚠️ API error: 400
  ❌ Different persons (confidence: 0/10)
[6/30] Checking: BENEDICT ALCALA, Benedicto ALCALA (similarity: 0.94)
⚠️ API error: 400
  ❌ Different persons (confidence: 0/10)
[7/30] Checking: BENEDICT ALCALA, Benedicto ALCALA (similarity: 0.94)
⚠️ API error: 400
  ❌ Different persons (confidence: 0/10)
[8/30] Checking: BENEDICT ALCALA, Benedicto ALCALA (similarity: 0.94)
⚠️ API error: 400
  ❌ Different persons (confidence: 0/10)
[9/30] Checking: BENEDICT ALCALA, Benedicto ALCALA (similarity: 0.94)
⚠️ API error: 400
  ❌ Different persons (confidence: 0/10)
[10/30] Checking: BENEDICT ALCALA, Benedicto ALCALA (similarity: 0.94)
⚠️ API error: 400
  ❌ Different persons (confidence: 0/10)
[11/30] Checking: BENEDICT ALCALA, Benedicto ALCALA (similarity: 0.94)
⚠️ API error: 400
  ❌ Different persons (confidence: 0/10)
[12/30] Checking: BENEDICT ALCALA, Benedicto ALCALA (similarity: 0.94)
⚠️ API error: 400
  ❌ Different persons (confidence: 0/10)
[13/30] Checking: BENEDICT ALCALA, Benedicto ALCALA (similarity: 0.94)
⚠️ API error: 400
  ❌ Different persons (confidence: 0/10)
[14/30] Checking: BENEDICT ALCALA, Benedicto ALCALA (similarity: 0.94)
⚠️ API error: 400
  ❌ Different persons (confidence: 0/10)
[15/30] Checking: BENEDICT ALCALA, Benedicto ALCALA (similarity: 0.94)
⚠️ API error: 400
  ❌ Different persons (confidence: 0/10)
[16/30] Checking: BENEDICT ALCALA, Benedicto ALCALA (similarity: 0.94)
⚠️ API error: 400
  ❌ Different persons (confidence: 0/10)
[17/30] Checking: BENEDICT ALCALA, Benedicto ALCALA (similarity: 0.94)
⚠️ API error: 400
  ❌ Different persons (confidence: 0/10)
[18/30] Checking: BENEDICT ALCALA, Benedicto ALCALA (similarity: 0.94)
⚠️ API error: 400
  ❌ Different persons (confidence: 0/10)
[19/30] Checking: BENEDICT ALCALA, Benedicto ALCALA (similarity: 0.94)
⚠️ API error: 400
  ❌ Different persons (confidence: 0/10)
[20/30] Checking: Ma Ludes ALCORIN, Ma. Ludes ALCORIN (similarity: 0.94)
⚠️ API error: 400
  ❌ Different persons (confidence: 0/10)
[21/30] Checking: Ma Ludes ALCORIN, Ma. Ludes ALCORIN (similarity: 0.94)
⚠️ API error: 400
  ❌ Different persons (confidence: 0/10)
[22/30] Checking: MACABA-AS AMINTAO, Macabaas AMINTAO (similarity: 0.94)
⚠️ API error: 400
  ❌ Different persons (confidence: 0/10)
[23/30] Checking: MACABA-AS AMINTAO, Macabaas AMINTAO (similarity: 0.94)
⚠️ API error: 400
  ❌ Different persons (confidence: 0/10)
[24/30] Checking: BELLFLOR ANGARA, Bellaflor ANGARA (similarity: 0.94)
⚠️ API error: 400
  ❌ Different persons (confidence: 0/10)
[25/30] Checking: BELLFLOR ANGARA, Bellaflor ANGARA (similarity: 0.94)
⚠️ API error: 400
  ❌ Different persons (confidence: 0/10)
[26/30] Checking: BELLFLOR ANGARA, Bellaflor ANGARA (similarity: 0.94)
⚠️ API error: 400
  ❌ Different persons (confidence: 0/10)
[27/30] Checking: Roy Arvin ANTONIO, Royarvin ANTONIO (similarity: 0.94)
⚠️ API error: 400
  ❌ Different persons (confidence: 0/10)
[28/30] Checking: Alan Jose AROY, Alanjose AROY (similarity: 0.94)
⚠️ API error: 400
  ❌ Different persons (confidence: 0/10)
[29/30] Checking: Alan Jose AROY, Alanjose AROY (similarity: 0.94)
⚠️ API error: 400
  ❌ Different persons (confidence: 0/10)
[30/30] Checking: Alan Jose AROY, Alanjose AROY (similarity: 0.94)
⚠️ API error: 400
  ❌ Different persons (confidence: 0/10)

✅ Batch 5 complete: Renamed 0 groups


📊 Progress: 150/300 groups processed, 0 total renamed


============================================================
📦 Processing batch 6 (30 name groups)
============================================================

[1/30] Checking: Alan Jose AROY, Alanjose AROY (similarity: 0.94)
⚠️ API error: 400
  ❌ Different persons (confidence: 0/10)
[2/30] Checking: Primitivo BAUA, Prmitivo BAUA (similarity: 0.94)
⚠️ API error: 400
  ❌ Different persons (confidence: 0/10)
[3/30] Checking: Primitivo BAUA, Prmitivo BAUA (similarity: 0.94)
⚠️ API error: 400
  ❌ Different persons (confidence: 0/10)
[4/30] Checking: Burt Mari BREGAUDIT, Burtmari BREGAUDIT (similarity: 0.94)
⚠️ API error: 400
  ❌ Different persons (confidence: 0/10)
[5/30] Checking: NNAATTIIOONNAALL BUUILILDDININGG, NNAATTIIOONNAALL B BUUILILDDININGG (similarity: 0.94)
⚠️ API error: 400
  ❌ Different persons (confidence: 0/10)
[6/30] Checking: ABE;LARDO COLMENARES, Abelardo COLMENARES (similarity: 0.94)
⚠️ API error: 400
  ❌ Different persons (confidence: 0/10)
[7/30] Checking: ABE;LARDO COLMENARES, Abelardo COLMENARES (similarity: 0.94)
⚠️ API error: 400
  ❌ Different persons (confidence: 0/10)
[8/30] Checking: ABE;LARDO COLMENARES, Abelardo COLMENARES (similarity: 0.94)
⚠️ API error: 400
  ❌ Different persons (confidence: 0/10)
[9/30] Checking: ABE;LARDO COLMENARES, Abelardo COLMENARES (similarity: 0.94)
⚠️ API error: 400
  ❌ Different persons (confidence: 0/10)
[10/30] Checking: ALYASIER ESCANDAR, Al-Yasier ESCANDAR (similarity: 0.94)
⚠️ API error: 400
  ❌ Different persons (confidence: 0/10)
[11/30] Checking: ALYASIER ESCANDAR, Al-Yasier ESCANDAR (similarity: 0.94)
⚠️ API error: 400
  ❌ Different persons (confidence: 0/10)
[12/30] Checking: Rombra-An HADJIAZIS, Rombraan HADJIAZIS (similarity: 0.94)
⚠️ API error: 400
  ❌ Different persons (confidence: 0/10)
[13/30] Checking: J. Tobias JAVIER, J.Tobias JAVIER (similarity: 0.94)
⚠️ API error: 400
  ❌ Different persons (confidence: 0/10)
[14/30] Checking: J. Tobias JAVIER, J.Tobias JAVIER (similarity: 0.94)
⚠️ API error: 400
  ❌ Different persons (confidence: 0/10)
[15/30] Checking: ALKHADAR LOONG, Al-Khadar LOONG (similarity: 0.94)
⚠️ API error: 400
  ❌ Different persons (confidence: 0/10)
[16/30] Checking: ALKHADAR LOONG, Al-Khadar LOONG (similarity: 0.94)
⚠️ API error: 400
  ❌ Different persons (confidence: 0/10)
[17/30] Checking: ALKHADAR LOONG, Al-Khadar LOONG (similarity: 0.94)
⚠️ API error: 400
  ❌ Different persons (confidence: 0/10)
[18/30] Checking: ALKHADAR LOONG, Al-Khadar LOONG (similarity: 0.94)
⚠️ API error: 400
  ❌ Different persons (confidence: 0/10)
[19/30] Checking: ALKHADAR LOONG, Al-Khadar LOONG (similarity: 0.94)
⚠️ API error: 400
  ❌ Different persons (confidence: 0/10)
[20/30] Checking: ALKHADAR LOONG, Al-Khadar LOONG (similarity: 0.94)
⚠️ API error: 400
  ❌ Different persons (confidence: 0/10)
[21/30] Checking: ALKHADAR LOONG, Al-Khadar LOONG (similarity: 0.94)
⚠️ API error: 400
  ❌ Different persons (confidence: 0/10)
[22/30] Checking: ALKHADAR LOONG, Al-Khadar LOONG (similarity: 0.94)
⚠️ API error: 400
  ❌ Different persons (confidence: 0/10)
[23/30] Checking: ALKHADAR LOONG, Al-Khadar LOONG (similarity: 0.94)
⚠️ API error: 400
  ❌ Different persons (confidence: 0/10)
[24/30] Checking: Ana Sally MALICAY, Anasally MALICAY (similarity: 0.94)
⚠️ API error: 400
  ❌ Different persons (confidence: 0/10)
[25/30] Checking: Marie- Fe NACION, Marie-Fe NACION (similarity: 0.94)
⚠️ API error: 400
  ❌ Different persons (confidence: 0/10)
[26/30] Checking: RUDYRICK PATALINGHUG, Rudy Rick PATALINGHUG (similarity: 0.94)
⚠️ API error: 400
  ❌ Different persons (confidence: 0/10)
[27/30] Checking: RUDYRICK PATALINGHUG, Rudy Rick PATALINGHUG (similarity: 0.94)
⚠️ API error: 400
  ❌ Different persons (confidence: 0/10)
[28/30] Checking: RUDYRICK PATALINGHUG, Rudy Rick PATALINGHUG (similarity: 0.94)
⚠️ API error: 400
  ❌ Different persons (confidence: 0/10)
[29/30] Checking: RUDYRICK PATALINGHUG, Rudy Rick PATALINGHUG (similarity: 0.94)
⚠️ API error: 400
  ❌ Different persons (confidence: 0/10)
[30/30] Checking: RUDYRICK PATALINGHUG, Rudy Rick PATALINGHUG (similarity: 0.94)
⚠️ API error: 400
  ❌ Different persons (confidence: 0/10)

✅ Batch 6 complete: Renamed 0 groups


📊 Progress: 180/300 groups processed, 0 total renamed


============================================================
📦 Processing batch 7 (30 name groups)
============================================================

[1/30] Checking: RUDYRICK PATALINGHUG, Rudy Rick PATALINGHUG (similarity: 0.94)
⚠️ API error: 400
  ❌ Different persons (confidence: 0/10)
[2/30] Checking: Aleander PIMENTEL, Alexander PIMENTEL (similarity: 0.94)
⚠️ API error: 400
  ❌ Different persons (confidence: 0/10)
[3/30] Checking: Aleander PIMENTEL, Alexander PIMENTEL (similarity: 0.94)
⚠️ API error: 400
  ❌ Different persons (confidence: 0/10)
[4/30] Checking: Aleander PIMENTEL, Alexander PIMENTEL (similarity: 0.94)
⚠️ API error: 400
  ❌ Different persons (confidence: 0/10)
[5/30] Checking: Emmanuel REYES, Emmanuela REYES (similarity: 0.94)
⚠️ API error: 400
  ❌ Different persons (confidence: 0/10)
[6/30] Checking: Gionvanni TINGSON, Giovanni TINGSON (similarity: 0.94)
⚠️ API error: 400
  ❌ Different persons (confidence: 0/10)
[7/30] Checking: SUMMARY OF QUANTITIES FRANCIS V. VARRON, SUR SUMMARY OF QUANTITIES FRANCIS V. VARRON (similarity: 0.94)
⚠️ API error: 400
  ❌ Different persons (confidence: 0/10)
[8/30] Checking: AND KEY MAP MARICRIS P. VILLANUEVA, AS AND KEY MAP MARICRIS P. VILLANUEVA (similarity: 0.94)
⚠️ API error: 400
  ❌ Different persons (confidence: 0/10)
[9/30] Checking: Florita Marietta BARTOLOME, Florita-Marietta BARTOLOME (similarity: 0.94)
⚠️ API error: 400
  ❌ Different persons (confidence: 0/10)
[10/30] Checking: Florita Marietta BARTOLOME, Florita-Marietta BARTOLOME (similarity: 0.94)
⚠️ API error: 400
  ❌ Different persons (confidence: 0/10)
[11/30] Checking: Florita Marietta BARTOLOME, Florita-Marietta BARTOLOME (similarity: 0.94)
⚠️ API error: 400
  ❌ Different persons (confidence: 0/10)
[12/30] Checking: Neser Nesthur R GUMANA, Neser Nesthur Ray GUMANA (similarity: 0.94)
⚠️ API error: 400
  ❌ Different persons (confidence: 0/10)
[13/30] Checking: Neser Nesthur R GUMANA, Neser Nesthur Ray GUMANA (similarity: 0.94)
⚠️ API error: 400
  ❌ Different persons (confidence: 0/10)
[14/30] Checking: Neser Nesthur R GUMANA, Neser Nesthur Ray GUMANA (similarity: 0.94)
⚠️ API error: 400
  ❌ Different persons (confidence: 0/10)
[15/30] Checking: Neser Nesthur R GUMANA, Neser Nesthur Ray GUMANA (similarity: 0.94)
⚠️ API error: 400
  ❌ Different persons (confidence: 0/10)
[16/30] Checking: SUR WASTE DISPOSAL MAP FRANCIS V. VARRON, WASTE DISPOSAL MAP FRANCIS V. VARRON (similarity: 0.94)
⚠️ API error: 400
  ❌ Different persons (confidence: 0/10)
[17/30] Checking: Maria Fe ABUNDA, Mariafe ABUNDA (similarity: 0.93)
⚠️ API error: 400
  ❌ Different persons (confidence: 0/10)
[18/30] Checking: Maria Fe ABUNDA, Mariafe ABUNDA (similarity: 0.93)
⚠️ API error: 400
  ❌ Different persons (confidence: 0/10)
[19/30] Checking: GILBERT ADORINO, Gilberto ADORINO (similarity: 0.93)
⚠️ API error: 400
  ❌ Different persons (confidence: 0/10)
[20/30] Checking: MOHAMAD AMPATUAN, MOHAMMAD AMPATUAN (similarity: 0.93)
⚠️ API error: 400
  ❌ Different persons (confidence: 0/10)
[21/30] Checking: MOHAMAD AMPATUAN, MOHAMMAD AMPATUAN (similarity: 0.93)
⚠️ API error: 400
  ❌ Different persons (confidence: 0/10)
[22/30] Checking: MOHAMAD AMPATUAN, MOHAMMAD AMPATUAN (similarity: 0.93)
⚠️ API error: 400
  ❌ Different persons (confidence: 0/10)
[23/30] Checking: Precila AQUINO, Precilla AQUINO (similarity: 0.93)
⚠️ API error: 400
  ❌ Different persons (confidence: 0/10)
[24/30] Checking: Precila AQUINO, Precilla AQUINO (similarity: 0.93)
⚠️ API error: 400
  ❌ Different persons (confidence: 0/10)
[25/30] Checking: ARICRIS BATANGAS, MARICRIS BATANGAS (similarity: 0.93)
⚠️ API error: 400
  ❌ Different persons (confidence: 0/10)
[26/30] Checking: Mar-Len Abegail BINAY, Mar-Len Abigail BINAY (similarity: 0.93)
⚠️ API error: 400
  ❌ Different persons (confidence: 0/10)
[27/30] Checking: Mar-Len Abegail BINAY, Mar-Len Abigail BINAY (similarity: 0.93)
⚠️ API error: 400
  ❌ Different persons (confidence: 0/10)
[28/30] Checking: Mar-Len Abegail BINAY, Mar-Len Abigail BINAY (similarity: 0.93)
⚠️ API error: 400
  ❌ Different persons (confidence: 0/10)
[29/30] Checking: BRIAN M. BONGALON, RIAN M. BONGALON (similarity: 0.93)
⚠️ API error: 400
  ❌ Different persons (confidence: 0/10)
[30/30] Checking: RANDOLP CALAYCO, Randolph CALAYCO (similarity: 0.93)
⚠️ API error: 400
  ❌ Different persons (confidence: 0/10)

✅ Batch 7 complete: Renamed 0 groups


📊 Progress: 210/300 groups processed, 0 total renamed


============================================================
📦 Processing batch 8 (30 name groups)
============================================================

[1/30] Checking: RANDOLP CALAYCO, Randolph CALAYCO (similarity: 0.93)
⚠️ API error: 400
  ❌ Different persons (confidence: 0/10)
[2/30] Checking: RANDOLP CALAYCO, Randolph CALAYCO (similarity: 0.93)
⚠️ API error: 400
  ❌ Different persons (confidence: 0/10)
[3/30] Checking: RANDOLP CALAYCO, Randolph CALAYCO (similarity: 0.93)
⚠️ API error: 400
  ❌ Different persons (confidence: 0/10)
[4/30] Checking: RANDOLP CALAYCO, Randolph CALAYCO (similarity: 0.93)
⚠️ API error: 400
  ❌ Different persons (confidence: 0/10)
[5/30] Checking: RANDOLP CALAYCO, Randolph CALAYCO (similarity: 0.93)
⚠️ API error: 400
  ❌ Different persons (confidence: 0/10)
[6/30] Checking: JENALYN CARAG, Jennalyn CARAG (similarity: 0.93)
⚠️ API error: 400
  ❌ Different persons (confidence: 0/10)
[7/30] Checking: JENALYN CARAG, Jennalyn CARAG (similarity: 0.93)
⚠️ API error: 400
  ❌ Different persons (confidence: 0/10)
[8/30] Checking: Roland O CRUZ, Rolando CRUZ (similarity: 0.93)
⚠️ API error: 400
  ❌ Different persons (confidence: 0/10)
[9/30] Checking: Roland O CRUZ, Rolando CRUZ (similarity: 0.93)
⚠️ API error: 400
  ❌ Different persons (confidence: 0/10)
[10/30] Checking: Roland O CRUZ, Rolando CRUZ (similarity: 0.93)
⚠️ API error: 400
  ❌ Different persons (confidence: 0/10)
[11/30] Checking: Fernado CHULIPA, Fernando CHULIPA (similarity: 0.93)
⚠️ API error: 400
  ❌ Different persons (confidence: 0/10)
[12/30] Checking: Poferio DARAMAN, Porferio DARAMAN (similarity: 0.93)
⚠️ API error: 400
  ❌ Different persons (confidence: 0/10)
[13/30] Checking: Poferio DARAMAN, Porferio DARAMAN (similarity: 0.93)
⚠️ API error: 400
  ❌ Different persons (confidence: 0/10)
[14/30] Checking: ANTONINO DE JESUS, ANTONIO DE JESUS (similarity: 0.93)
⚠️ API error: 400
  ❌ Different persons (confidence: 0/10)
[15/30] Checking: ANTONINO DE JESUS, ANTONIO DE JESUS (similarity: 0.93)
⚠️ API error: 400
  ❌ Different persons (confidence: 0/10)
[16/30] Checking: ANTONINO DE JESUS, ANTONIO DE JESUS (similarity: 0.93)
⚠️ API error: 400
  ❌ Different persons (confidence: 0/10)
[17/30] Checking: ANTONINO DE JESUS, ANTONIO DE JESUS (similarity: 0.93)
⚠️ API error: 400
  ❌ Different persons (confidence: 0/10)
[18/30] Checking: ANTONIO DE JESUS, ANTONINO DE JESUS (similarity: 0.93)
⚠️ API error: 400
  ❌ Different persons (confidence: 0/10)
[19/30] Checking: ANTONIO DE JESUS, ANTONINO DE JESUS (similarity: 0.93)
⚠️ API error: 400
  ❌ Different persons (confidence: 0/10)
[20/30] Checking: ANTONINO DE JESUS, ANTONIO DE JESUS (similarity: 0.93)
⚠️ API error: 400
  ❌ Different persons (confidence: 0/10)
[21/30] Checking: ANTONINO DE JESUS, ANTONIO DE JESUS (similarity: 0.93)
⚠️ API error: 400
  ❌ Different persons (confidence: 0/10)
[22/30] Checking: MOHAMAD DIMAPORO, MOHAMMAD DIMAPORO (similarity: 0.93)
⚠️ API error: 400
  ❌ Different persons (confidence: 0/10)
[23/30] Checking: MOHAMAD DIMAPORO, MOHAMMAD DIMAPORO (similarity: 0.93)
⚠️ API error: 400
  ❌ Different persons (confidence: 0/10)
[24/30] Checking: MOHAMMAD DIMAPORO, MOHAMAD DIMAPORO (similarity: 0.93)
⚠️ API error: 400
  ❌ Different persons (confidence: 0/10)
[25/30] Checking: MOHAMMAD DIMAPORO, MOHAMAD DIMAPORO (similarity: 0.93)
⚠️ API error: 400
  ❌ Different persons (confidence: 0/10)
[26/30] Checking: Motalib DIDAAGUN, Mothalib DIDAAGUN (similarity: 0.93)
⚠️ API error: 400
  ❌ Different persons (confidence: 0/10)
[27/30] Checking: Mac Niel ESQUIVIAS, Macniel ESQUIVIAS (similarity: 0.93)
⚠️ API error: 400
  ❌ Different persons (confidence: 0/10)
[28/30] Checking: Raymund GANADEN, Raymundo GANADEN (similarity: 0.93)
⚠️ API error: 400
  ❌ Different persons (confidence: 0/10)
[29/30] Checking: JEREMIA GOÃ‘I, JEREMIAH GOÃ‘I (similarity: 0.93)
⚠️ API error: 400
  ❌ Different persons (confidence: 0/10)
[30/30] Checking: Ray Kito KITTILSTVEDT, Raykito KITTILSTVEDT (similarity: 0.93)
⚠️ API error: 400
  ❌ Different persons (confidence: 0/10)

✅ Batch 8 complete: Renamed 0 groups


📊 Progress: 240/300 groups processed, 0 total renamed


============================================================
📦 Processing batch 9 (30 name groups)
============================================================

[1/30] Checking: MEYNARD LAT, Meynardo LAT (similarity: 0.93)
⚠️ API error: 400
  ❌ Different persons (confidence: 0/10)
[2/30] Checking: MEYNARD LAT, Meynardo LAT (similarity: 0.93)
⚠️ API error: 400
  ❌ Different persons (confidence: 0/10)
[3/30] Checking: MEYNARD LAT, Meynardo LAT (similarity: 0.93)
⚠️ API error: 400
  ❌ Different persons (confidence: 0/10)
[4/30] Checking: MEYNARD LAT, Meynardo LAT (similarity: 0.93)
⚠️ API error: 400
  ❌ Different persons (confidence: 0/10)
[5/30] Checking: MEYNARD LAT, Meynardo LAT (similarity: 0.93)
⚠️ API error: 400
  ❌ Different persons (confidence: 0/10)
[6/30] Checking: MEYNARD LAT, Meynardo LAT (similarity: 0.93)
⚠️ API error: 400
  ❌ Different persons (confidence: 0/10)
[7/30] Checking: ROBBURT` LIBRANDO, Robburt LIBRANDO (similarity: 0.93)
⚠️ API error: 400
  ❌ Different persons (confidence: 0/10)
[8/30] Checking: ROBBURT` LIBRANDO, Robburt LIBRANDO (similarity: 0.93)
⚠️ API error: 400
  ❌ Different persons (confidence: 0/10)
[9/30] Checking: BENSMAR LIGWANG, NBENSMAR LIGWANG (similarity: 0.93)
⚠️ API error: 400
  ❌ Different persons (confidence: 0/10)
[10/30] Checking: BENSMAR LIGWANG, NBENSMAR LIGWANG (similarity: 0.93)
⚠️ API error: 400
  ❌ Different persons (confidence: 0/10)
[11/30] Checking: BENSMAR LIGWANG, NBENSMAR LIGWANG (similarity: 0.93)
⚠️ API error: 400
  ❌ Different persons (confidence: 0/10)
[12/30] Checking: BENSMAR LIGWANG, NBENSMAR LIGWANG (similarity: 0.93)
⚠️ API error: 400
  ❌ Different persons (confidence: 0/10)
[13/30] Checking: BENSMAR LIGWANG, NBENSMAR LIGWANG (similarity: 0.93)
⚠️ API error: 400
  ❌ Different persons (confidence: 0/10)
[14/30] Checking: BENSMAR LIGWANG, NBENSMAR LIGWANG (similarity: 0.93)
⚠️ API error: 400
  ❌ Different persons (confidence: 0/10)
[15/30] Checking: NBENSMAR LIGWANG, BENSMAR LIGWANG (similarity: 0.93)
⚠️ API error: 400
  ❌ Different persons (confidence: 0/10)
[16/30] Checking: BENSMAR LIGWANG, NBENSMAR LIGWANG (similarity: 0.93)
⚠️ API error: 400
  ❌ Different persons (confidence: 0/10)
[17/30] Checking: Al-Sadat LIPAE, Alsadat LIPAE (similarity: 0.93)
⚠️ API error: 400
  ❌ Different persons (confidence: 0/10)
[18/30] Checking: Gilbert LOQUIAS, Gilberto LOQUIAS (similarity: 0.93)
⚠️ API error: 400
  ❌ Different persons (confidence: 0/10)
[19/30] Checking: Gilbert LOQUIAS, Gilberto LOQUIAS (similarity: 0.93)
⚠️ API error: 400
  ❌ Different persons (confidence: 0/10)
[20/30] Checking: ERICSON LUMBO, Erickson LUMBO (similarity: 0.93)
⚠️ API error: 400
  ❌ Different persons (confidence: 0/10)
[21/30] Checking: Rodolfo MANALO, Roldolfo MANALO (similarity: 0.93)
⚠️ API error: 400
  ❌ Different persons (confidence: 0/10)
[22/30] Checking: Rodolfo MANALO, Roldolfo MANALO (similarity: 0.93)
⚠️ API error: 400
  ❌ Different persons (confidence: 0/10)
[23/30] Checking: Rodolfo MANALO, Roldolfo MANALO (similarity: 0.93)
⚠️ API error: 400
  ❌ Different persons (confidence: 0/10)
[24/30] Checking: Rodolfo MANALO, Roldolfo MANALO (similarity: 0.93)
⚠️ API error: 400
  ❌ Different persons (confidence: 0/10)
[25/30] Checking: Rodolfo MANALO, Roldolfo MANALO (similarity: 0.93)
⚠️ API error: 400
  ❌ Different persons (confidence: 0/10)
[26/30] Checking: Rodolfo MANALO, Roldolfo MANALO (similarity: 0.93)
⚠️ API error: 400
  ❌ Different persons (confidence: 0/10)
[27/30] Checking: Rodolfo MANALO, Roldolfo MANALO (similarity: 0.93)
⚠️ API error: 400
  ❌ Different persons (confidence: 0/10)
[28/30] Checking: Rodolfo MANALO, Roldolfo MANALO (similarity: 0.93)
⚠️ API error: 400
  ❌ Different persons (confidence: 0/10)
[29/30] Checking: Rodolfo MANALO, Roldolfo MANALO (similarity: 0.93)
⚠️ API error: 400
  ❌ Different persons (confidence: 0/10)
[30/30] Checking: Rodolfo MANALO, Roldolfo MANALO (similarity: 0.93)
⚠️ API error: 400
  ❌ Different persons (confidence: 0/10)

✅ Batch 9 complete: Renamed 0 groups


📊 Progress: 270/300 groups processed, 0 total renamed


============================================================
📦 Processing batch 10 (30 name groups)
============================================================

[1/30] Checking: Wilfred MARTINEZ, Wilfredo MARTINEZ (similarity: 0.93)
⚠️ API error: 400
  ❌ Different persons (confidence: 0/10)
[2/30] Checking: Wilfred MARTINEZ, Wilfredo MARTINEZ (similarity: 0.93)
⚠️ API error: 400
  ❌ Different persons (confidence: 0/10)
[3/30] Checking: Wilfred MARTINEZ, Wilfredo MARTINEZ (similarity: 0.93)
⚠️ API error: 400
  ❌ Different persons (confidence: 0/10)
[4/30] Checking: Wilfred MARTINEZ, Wilfredo MARTINEZ (similarity: 0.93)
⚠️ API error: 400
  ❌ Different persons (confidence: 0/10)
[5/30] Checking: Wilfred MARTINEZ, Wilfredo MARTINEZ (similarity: 0.93)
⚠️ API error: 400
  ❌ Different persons (confidence: 0/10)
[6/30] Checking: Wilfred MARTINEZ, Wilfredo MARTINEZ (similarity: 0.93)
⚠️ API error: 400
  ❌ Different persons (confidence: 0/10)
[7/30] Checking: Wilfred MARTINEZ, Wilfredo MARTINEZ (similarity: 0.93)
⚠️ API error: 400
  ❌ Different persons (confidence: 0/10)
