🚀 Starting contractor verification (1 contractor per page)...

📋 Fetching top 15 contractors...
✅ Found 15 contractors

================================================================================
📄 Page 1/15: Processing 11 DIAMOND EAGLE CONSTRUCTION
================================================================================
   Projects: 62
   🔍 Querying Perplexity...
   💾 Saved CSV: verify_contractor_01_11_DIAMOND_EAGLE_CONSTRUCTION.csv
   📥 Processing results...
  ⚠️  No data rows in CSV for 11 DIAMOND EAGLE CONSTRUCTION
   ✅ Inserted 0 affiliations, found 0 dynasty matches

================================================================================
📄 Page 2/15: Processing 1 BEATUS BUILDERS CORP.
================================================================================
   Projects: 34
   SEC: CS201723265
   🔍 Querying Perplexity...
   💾 Saved CSV: verify_contractor_02_1_BEATUS_BUILDERS_CORP.csv
   📥 Processing results...
  ⚠️  No data rows in CSV for 1 BEATUS BUILDERS CORP.
   ✅ Inserted 0 affiliations, found 0 dynasty matches

================================================================================
📄 Page 3/15: Processing 0405 CONSTRUCTION AND SUPPLY
================================================================================
   Projects: 6
   🔍 Querying Perplexity...
   💾 Saved CSV: verify_contractor_03_0405_CONSTRUCTION_AND_SUPPLY.csv
   📥 Processing results...
  ⚠️  No data rows in CSV for 0405 CONSTRUCTION AND SUPPLY
   ✅ Inserted 0 affiliations, found 0 dynasty matches

================================================================================
📄 Page 4/15: Processing 1024 CONSTRUCTION AND DEVELOPMENT CORPORATION
================================================================================
   Projects: 5
   🔍 Querying Perplexity...
   💾 Saved CSV: verify_contractor_04_1024_CONSTRUCTION_AND_DEVELOPMENT_CORPORATION.csv
   📥 Processing results...
  ⚠️  No data rows in CSV for 1024 CONSTRUCTION AND DEVELOPMENT CORPORATION
   ✅ Inserted 0 affiliations, found 0 dynasty matches

================================================================================
📄 Page 5/15: Processing 1-6-8 CONSTRUCTION AND SUPPLY
================================================================================
   Projects: 4
   🔍 Querying Perplexity...
   💾 Saved CSV: verify_contractor_05_1-6-8_CONSTRUCTION_AND_SUPPLY.csv
   📥 Processing results...
    ⚠️  Error inserting affiliation Horian Iza Celis Lim: column "sec_number" of relation "company_affiliations" does not exist
    ⚠️  Error inserting affiliation Horian Iza Celis Lim: column "sec_number" of relation "company_affiliations" does not exist
   ✅ Inserted 0 affiliations, found 0 dynasty matches

================================================================================
📄 Page 6/15: Processing 08RDD CONSTRUCTION
================================================================================
   Projects: 3
   🔍 Querying Perplexity...
   💾 Saved CSV: verify_contractor_06_08RDD_CONSTRUCTION.csv
   📥 Processing results...
  ⚠️  No data rows in CSV for 08RDD CONSTRUCTION
   ✅ Inserted 0 affiliations, found 0 dynasty matches

================================================================================
📄 Page 7/15: Processing 1026 ENTERPRISES
================================================================================
   Projects: 3
   🔍 Querying Perplexity...
   💾 Saved CSV: verify_contractor_07_1026_ENTERPRISES.csv
   📥 Processing results...
  ⚠️  No data rows in CSV for 1026 ENTERPRISES
   ✅ Inserted 0 affiliations, found 0 dynasty matches

================================================================================
📄 Page 8/15: Processing 10 BUILDERS AND DEVELOPMENT CORPORATION
================================================================================
   Projects: 2
   🔍 Querying Perplexity...
   💾 Saved CSV: verify_contractor_08_10_BUILDERS_AND_DEVELOPMENT_CORPORATION.csv
   📥 Processing results...
  ⚠️  No data rows in CSV for 10 BUILDERS AND DEVELOPMENT CORPORATION
   ✅ Inserted 0 affiliations, found 0 dynasty matches

================================================================================
📄 Page 9/15: Processing 1018 HARDWARE
================================================================================
   Projects: 2
   🔍 Querying Perplexity...
   💾 Saved CSV: verify_contractor_09_1018_HARDWARE.csv
   📥 Processing results...
  ⚠️  No data rows in CSV for 1018 HARDWARE
   ✅ Inserted 0 affiliations, found 0 dynasty matches

================================================================================
📄 Page 10/15: Processing 108 GENERAL BUILDERS, INC
================================================================================
   Projects: 2
   🔍 Querying Perplexity...
   💾 Saved CSV: verify_contractor_10_108_GENERAL_BUILDERS_INC.csv
   📥 Processing results...
  ⚠️  No data rows in CSV for 108 GENERAL BUILDERS, INC
   ✅ Inserted 0 affiliations, found 0 dynasty matches

================================================================================
📄 Page 11/15: Processing 0110 CONSTRUCTION SERVICES
================================================================================
   Projects: 1
   🔍 Querying Perplexity...
   💾 Saved CSV: verify_contractor_11_0110_CONSTRUCTION_SERVICES.csv
   📥 Processing results...
  ⚠️  No data rows in CSV for 0110 CONSTRUCTION SERVICES
   ✅ Inserted 0 affiliations, found 0 dynasty matches

================================================================================
📄 Page 12/15: Processing 08 CONSTRUCTION AND TRADING
================================================================================
   Projects: 1
   🔍 Querying Perplexity...
   💾 Saved CSV: verify_contractor_12_08_CONSTRUCTION_AND_TRADING.csv
   📥 Processing results...
  ⚠️  No data rows in CSV for 08 CONSTRUCTION AND TRADING
   ✅ Inserted 0 affiliations, found 0 dynasty matches

================================================================================
📄 Page 13/15: Processing 10 DIGIT ENTERPRISE
================================================================================
   Projects: 1
   🔍 Querying Perplexity...
   💾 Saved CSV: verify_contractor_13_10_DIGIT_ENTERPRISE.csv
   📥 Processing results...
  ⚠️  No data rows in CSV for 10 DIGIT ENTERPRISE
   ✅ Inserted 0 affiliations, found 0 dynasty matches

================================================================================
📄 Page 14/15: Processing 10-02 ENTERPRISES CO., INC
================================================================================
   Projects: 1
   🔍 Querying Perplexity...
   💾 Saved CSV: verify_contractor_14_10-02_ENTERPRISES_CO_INC.csv
   📥 Processing results...
  ⚠️  No data rows in CSV for 10-02 ENTERPRISES CO., INC
   ✅ Inserted 0 affiliations, found 0 dynasty matches

================================================================================
📄 Page 15/15: Processing 11 DIAMOND EAGLE CONSTRUCTION -
================================================================================
   Projects: 1
   🔍 Querying Perplexity...
   💾 Saved CSV: verify_contractor_15_11_DIAMOND_EAGLE_CONSTRUCTION_-.csv
   📥 Processing results...
  ⚠️  No data rows in CSV for 11 DIAMOND EAGLE CONSTRUCTION -
   ✅ Inserted 0 affiliations, found 0 dynasty matches

================================================================================
✅ Verification complete!
================================================================================
