🚀 Starting comprehensive source sync to SEC database...

📊 Fetching contractors from Flood Control (MeiliSearch)...
✅ Found 2409 unique contractors in Flood
📊 Fetching contractors from DIME database...
✅ Found 2554 unique contractors in DIME
📊 Fetching contractors from PhilGEPS contracts...
✅ Found 10647 unique contractors in PhilGEPS

📊 Total source contractors:
   Flood: 2,409
   DIME: 2,554
   PhilGEPS: 10,647

📊 Processing 11629 contractors in SEC database...

   Progress: 100/11629 (F:38 D:0 P:43)...
   Progress: 200/11629 (F:83 D:0 P:99)...
   Progress: 300/11629 (F:141 D:0 P:177)...
   Progress: 400/11629 (F:190 D:0 P:251)...
   Progress: 500/11629 (F:241 D:0 P:323)...
   Progress: 600/11629 (F:276 D:0 P:383)...
   Progress: 700/11629 (F:315 D:0 P:441)...
   Progress: 800/11629 (F:371 D:0 P:511)...
   Progress: 900/11629 (F:409 D:0 P:573)...
   Progress: 1000/11629 (F:457 D:0 P:642)...
   Progress: 1100/11629 (F:495 D:0 P:704)...
   Progress: 1200/11629 (F:535 D:0 P:768)...
   Progress: 1300/11629 (F:568 D:0 P:829)...
   Progress: 1400/11629 (F:611 D:0 P:891)...
   Progress: 1500/11629 (F:647 D:0 P:953)...
   Progress: 1600/11629 (F:699 D:0 P:1021)...
   Progress: 1700/11629 (F:739 D:0 P:1080)...
   Progress: 1800/11629 (F:767 D:0 P:1126)...
   Progress: 1900/11629 (F:796 D:0 P:1165)...
   Progress: 2000/11629 (F:811 D:0 P:1189)...
   Progress: 2100/11629 (F:814 D:4 P:1199)...
   Progress: 2200/11629 (F:817 D:60 P:1207)...
   Progress: 2300/11629 (F:826 D:92 P:1250)...
   Progress: 2400/11629 (F:831 D:134 P:1272)...
   Progress: 2500/11629 (F:839 D:180 P:1292)...
   Progress: 2600/11629 (F:844 D:219 P:1311)...
   Progress: 2700/11629 (F:847 D:272 P:1325)...
   Progress: 2800/11629 (F:857 D:318 P:1344)...
   Progress: 2900/11629 (F:896 D:320 P:1406)...
   Progress: 3000/11629 (F:907 D:360 P:1430)...
   Progress: 3100/11629 (F:940 D:360 P:1528)...
   Progress: 3200/11629 (F:974 D:360 P:1625)...
   Progress: 3300/11629 (F:1012 D:360 P:1722)...
   Progress: 3400/11629 (F:1049 D:360 P:1820)...
   Progress: 3500/11629 (F:1079 D:360 P:1919)...
   Progress: 3600/11629 (F:1121 D:360 P:2019)...
   Progress: 3700/11629 (F:1151 D:360 P:2118)...
   Progress: 3800/11629 (F:1183 D:360 P:2218)...
   Progress: 3900/11629 (F:1209 D:360 P:2316)...
   Progress: 4000/11629 (F:1244 D:360 P:2415)...
   Progress: 4100/11629 (F:1277 D:360 P:2512)...
   Progress: 4200/11629 (F:1313 D:360 P:2611)...
   Progress: 4300/11629 (F:1346 D:360 P:2710)...
   Progress: 4400/11629 (F:1381 D:360 P:2809)...
   Progress: 4500/11629 (F:1421 D:360 P:2908)...
   Progress: 4600/11629 (F:1458 D:360 P:3008)...
   Progress: 4700/11629 (F:1500 D:360 P:3107)...
   Progress: 4800/11629 (F:1532 D:360 P:3206)...
   Progress: 4900/11629 (F:1563 D:360 P:3304)...
   Progress: 5000/11629 (F:1595 D:360 P:3404)...
   Progress: 5100/11629 (F:1630 D:360 P:3501)...
   Progress: 5200/11629 (F:1664 D:360 P:3598)...
   Progress: 5300/11629 (F:1694 D:360 P:3698)...
   Progress: 5400/11629 (F:1724 D:360 P:3795)...
   Progress: 5500/11629 (F:1757 D:360 P:3894)...
   Progress: 5600/11629 (F:1786 D:360 P:3993)...
   Progress: 5700/11629 (F:1818 D:360 P:4093)...
   Progress: 5800/11629 (F:1862 D:360 P:4191)...
   Progress: 5900/11629 (F:1899 D:360 P:4290)...
   Progress: 6000/11629 (F:1937 D:360 P:4390)...
   Progress: 6100/11629 (F:1975 D:360 P:4489)...
   Progress: 6200/11629 (F:2013 D:360 P:4588)...
   Progress: 6300/11629 (F:2054 D:360 P:4688)...
   Progress: 6400/11629 (F:2083 D:360 P:4788)...
   Progress: 6500/11629 (F:2113 D:360 P:4887)...
   Progress: 6600/11629 (F:2151 D:360 P:4986)...
   Progress: 6700/11629 (F:2195 D:360 P:5085)...
   Progress: 6800/11629 (F:2228 D:360 P:5182)...
   Progress: 6900/11629 (F:2262 D:360 P:5281)...
   Progress: 7000/11629 (F:2287 D:360 P:5377)...
   Progress: 7100/11629 (F:2323 D:360 P:5477)...
   Progress: 7200/11629 (F:2361 D:360 P:5577)...
   Progress: 7300/11629 (F:2397 D:360 P:5675)...
   Progress: 7400/11629 (F:2434 D:360 P:5774)...
   Progress: 7500/11629 (F:2466 D:360 P:5870)...
   Progress: 7600/11629 (F:2497 D:360 P:5967)...
   Progress: 7700/11629 (F:2534 D:360 P:6067)...
   Progress: 7800/11629 (F:2570 D:360 P:6166)...
   Progress: 7900/11629 (F:2602 D:360 P:6264)...
   Progress: 8000/11629 (F:2631 D:360 P:6361)...
   Progress: 8100/11629 (F:2664 D:360 P:6460)...
   Progress: 8200/11629 (F:2697 D:360 P:6560)...
   Progress: 8300/11629 (F:2739 D:360 P:6660)...
   Progress: 8400/11629 (F:2781 D:360 P:6760)...
   Progress: 8500/11629 (F:2816 D:360 P:6857)...
   Progress: 8600/11629 (F:2846 D:360 P:6955)...
   Progress: 8700/11629 (F:2890 D:360 P:7055)...
   Progress: 8800/11629 (F:2918 D:360 P:7153)...
   Progress: 8900/11629 (F:2954 D:360 P:7252)...
   Progress: 9000/11629 (F:2990 D:360 P:7349)...
   Progress: 9100/11629 (F:3018 D:360 P:7449)...
   Progress: 9200/11629 (F:3050 D:360 P:7547)...
   Progress: 9300/11629 (F:3081 D:360 P:7646)...
   Progress: 9400/11629 (F:3118 D:360 P:7746)...
   Progress: 9500/11629 (F:3149 D:360 P:7846)...
   Progress: 9600/11629 (F:3179 D:360 P:7945)...
   Progress: 9700/11629 (F:3212 D:360 P:8044)...
   Progress: 9800/11629 (F:3243 D:360 P:8143)...
   Progress: 9900/11629 (F:3274 D:360 P:8243)...
   Progress: 10000/11629 (F:3308 D:360 P:8340)...
   Progress: 10100/11629 (F:3340 D:360 P:8440)...
   Progress: 10200/11629 (F:3373 D:360 P:8539)...
   Progress: 10300/11629 (F:3416 D:360 P:8636)...
   Progress: 10400/11629 (F:3452 D:360 P:8734)...
   Progress: 10500/11629 (F:3490 D:360 P:8833)...
   Progress: 10600/11629 (F:3523 D:360 P:8931)...
   Progress: 10700/11629 (F:3554 D:360 P:9029)...
   Progress: 10800/11629 (F:3581 D:360 P:9128)...
   Progress: 10900/11629 (F:3614 D:360 P:9226)...
   Progress: 11000/11629 (F:3649 D:360 P:9324)...
   Progress: 11100/11629 (F:3687 D:360 P:9417)...
   Progress: 11200/11629 (F:3726 D:360 P:9491)...
   Progress: 11300/11629 (F:3762 D:362 P:9583)...
   Progress: 11400/11629 (F:3794 D:362 P:9681)...
   Progress: 11500/11629 (F:3828 D:362 P:9778)...
   Progress: 11600/11629 (F:3863 D:362 P:9877)...

✅ Updated 11629 contractors
   Flood matches: 3873
   DIME matches: 362
   PhilGEPS matches: 9905

📊 Final Venn Diagram Data:
   🔵 Flood only:        0
   🟢 DIME only:         362
   🟡 PhilGEPS only:     6,032
   🔵🟢 Flood + DIME:     0
   🔵🟡 Flood + PhilGEPS: 3,873
   🟢🟡 DIME + PhilGEPS:  0
   🔵🟢🟡 All three:       0

   Total per source:
   🔵 Flood:    3,873
   🟢 DIME:     362
   🟡 PhilGEPS: 9,905

✅ Sync completed!
