🚀 Starting comprehensive source sync to SEC database...

📌 Extracting from raw sources with proper cleaning, JSON parsing, and JV splitting

📊 Fetching contractors from Flood Control (MeiliSearch)...
✅ Found 2289 unique contractors in Flood (after splitting & cleaning)
📊 Fetching contractors from DIME database...
✅ Found 3247 unique contractors in DIME (after splitting & cleaning)
📊 Fetching contractors from PhilGEPS contracts...
✅ Found 9974 unique contractors in PhilGEPS (after splitting & cleaning)

📊 Total source contractors:
   Flood: 2,289
   DIME: 3,247
   PhilGEPS: 9,974

📊 Processing 11041 contractors in SEC database...

   Progress: 100/11041 (F:76 D:25 P:94)...
   Progress: 200/11041 (F:139 D:57 P:193)...
   Progress: 300/11041 (F:186 D:87 P:272)...
   Progress: 400/11041 (F:218 D:116 P:341)...
   Progress: 500/11041 (F:247 D:141 P:391)...
   Progress: 600/11041 (F:286 D:177 P:468)...
   Progress: 700/11041 (F:325 D:215 P:536)...
   Progress: 800/11041 (F:361 D:248 P:613)...
   Progress: 900/11041 (F:399 D:282 P:680)...
   Progress: 1000/11041 (F:433 D:312 P:753)...
   Progress: 1100/11041 (F:461 D:338 P:826)...
   Progress: 1200/11041 (F:489 D:364 P:902)...
   Progress: 1300/11041 (F:529 D:399 P:976)...
   Progress: 1400/11041 (F:574 D:439 P:1055)...
   Progress: 1500/11041 (F:628 D:488 P:1142)...
   Progress: 1600/11041 (F:698 D:550 P:1226)...
   Progress: 1700/11041 (F:763 D:603 P:1310)...
   Progress: 1800/11041 (F:839 D:663 P:1405)...
   Progress: 1900/11041 (F:917 D:729 P:1498)...
   Progress: 2000/11041 (F:975 D:781 P:1569)...
   Progress: 2100/11041 (F:1020 D:824 P:1651)...
   Progress: 2200/11041 (F:1073 D:868 P:1730)...
   Progress: 2300/11041 (F:1122 D:907 P:1792)...
   Progress: 2400/11041 (F:1190 D:970 P:1868)...
   Progress: 2500/11041 (F:1225 D:1016 P:1925)...
   Progress: 2600/11041 (F:1271 D:1056 P:1985)...
   Progress: 2700/11041 (F:1332 D:1110 P:2053)...
   Progress: 2800/11041 (F:1382 D:1156 P:2104)...
   Progress: 2900/11041 (F:1439 D:1207 P:2176)...
   Progress: 3000/11041 (F:1483 D:1252 P:2276)...
   Progress: 3100/11041 (F:1533 D:1299 P:2373)...
   Progress: 3200/11041 (F:1596 D:1349 P:2469)...
   Progress: 3300/11041 (F:1666 D:1406 P:2564)...
   Progress: 3400/11041 (F:1741 D:1474 P:2661)...
   Progress: 3500/11041 (F:1805 D:1530 P:2759)...
   Progress: 3600/11041 (F:1865 D:1585 P:2859)...
   Progress: 3700/11041 (F:1923 D:1639 P:2956)...
   Progress: 3800/11041 (F:1973 D:1682 P:3048)...
   Progress: 3900/11041 (F:2012 D:1718 P:3146)...
   Progress: 4000/11041 (F:2053 D:1752 P:3232)...
   Progress: 4100/11041 (F:2109 D:1791 P:3325)...
   Progress: 4200/11041 (F:2154 D:1834 P:3424)...
   Progress: 4300/11041 (F:2193 D:1870 P:3524)...
   Progress: 4400/11041 (F:2232 D:1908 P:3624)...
   Progress: 4500/11041 (F:2271 D:1948 P:3724)...
   Progress: 4600/11041 (F:2317 D:1994 P:3824)...
   Progress: 4700/11041 (F:2358 D:2034 P:3924)...
   Progress: 4800/11041 (F:2396 D:2071 P:4024)...
   Progress: 4900/11041 (F:2432 D:2106 P:4124)...
   Progress: 5000/11041 (F:2478 D:2152 P:4224)...
   Progress: 5100/11041 (F:2514 D:2185 P:4324)...
   Progress: 5200/11041 (F:2547 D:2217 P:4424)...
   Progress: 5300/11041 (F:2581 D:2253 P:4524)...
   Progress: 5400/11041 (F:2621 D:2294 P:4624)...
   Progress: 5500/11041 (F:2664 D:2336 P:4724)...
   Progress: 5600/11041 (F:2709 D:2381 P:4824)...
   Progress: 5700/11041 (F:2750 D:2425 P:4924)...
   Progress: 5800/11041 (F:2791 D:2466 P:5024)...
   Progress: 5900/11041 (F:2837 D:2512 P:5124)...
   Progress: 6000/11041 (F:2874 D:2548 P:5224)...
   Progress: 6100/11041 (F:2915 D:2587 P:5324)...
   Progress: 6200/11041 (F:2951 D:2622 P:5424)...
   Progress: 6300/11041 (F:2992 D:2662 P:5524)...
   Progress: 6400/11041 (F:3032 D:2703 P:5624)...
   Progress: 6500/11041 (F:3065 D:2737 P:5724)...
   Progress: 6600/11041 (F:3112 D:2782 P:5824)...
   Progress: 6700/11041 (F:3157 D:2827 P:5924)...
   Progress: 6800/11041 (F:3200 D:2871 P:6024)...
   Progress: 6900/11041 (F:3236 D:2905 P:6124)...
   Progress: 7000/11041 (F:3279 D:2949 P:6224)...
   Progress: 7100/11041 (F:3323 D:2992 P:6324)...
   Progress: 7200/11041 (F:3362 D:3032 P:6424)...
   Progress: 7300/11041 (F:3396 D:3066 P:6524)...
   Progress: 7400/11041 (F:3430 D:3101 P:6624)...
   Progress: 7500/11041 (F:3478 D:3144 P:6724)...
   Progress: 7600/11041 (F:3531 D:3196 P:6824)...
   Progress: 7700/11041 (F:3562 D:3228 P:6924)...
   Progress: 7800/11041 (F:3601 D:3267 P:7024)...
   Progress: 7900/11041 (F:3647 D:3310 P:7124)...
   Progress: 8000/11041 (F:3685 D:3348 P:7224)...
   Progress: 8100/11041 (F:3723 D:3385 P:7324)...
   Progress: 8200/11041 (F:3763 D:3422 P:7424)...
   Progress: 8300/11041 (F:3793 D:3449 P:7524)...
   Progress: 8400/11041 (F:3832 D:3487 P:7624)...
   Progress: 8500/11041 (F:3872 D:3528 P:7724)...
   Progress: 8600/11041 (F:3907 D:3564 P:7824)...
   Progress: 8700/11041 (F:3944 D:3601 P:7924)...
   Progress: 8800/11041 (F:3983 D:3641 P:8024)...
   Progress: 8900/11041 (F:4018 D:3678 P:8124)...
   Progress: 9000/11041 (F:4057 D:3717 P:8224)...
   Progress: 9100/11041 (F:4097 D:3755 P:8324)...
   Progress: 9200/11041 (F:4151 D:3805 P:8424)...
   Progress: 9300/11041 (F:4207 D:3855 P:8523)...
   Progress: 9400/11041 (F:4247 D:3893 P:8623)...
   Progress: 9500/11041 (F:4293 D:3938 P:8723)...
   Progress: 9600/11041 (F:4331 D:3975 P:8823)...
   Progress: 9700/11041 (F:4375 D:4018 P:8923)...
   Progress: 9800/11041 (F:4408 D:4048 P:9023)...
   Progress: 9900/11041 (F:4446 D:4084 P:9123)...
   Progress: 10000/11041 (F:4484 D:4123 P:9223)...
   Progress: 10100/11041 (F:4529 D:4167 P:9323)...
   Progress: 10200/11041 (F:4618 D:4246 P:9422)...
   Progress: 10300/11041 (F:4680 D:4310 P:9522)...
   Progress: 10400/11041 (F:4720 D:4348 P:9622)...
   Progress: 10500/11041 (F:4767 D:4397 P:9722)...
   Progress: 10600/11041 (F:4812 D:4441 P:9822)...
   Progress: 10700/11041 (F:4859 D:4488 P:9922)...
   Progress: 10800/11041 (F:4905 D:4533 P:10022)...
   Progress: 10900/11041 (F:4941 D:4568 P:10122)...
   Progress: 11000/11041 (F:4985 D:4612 P:10222)...

✅ Updated 11041 contractors
   Flood matches: 5017
   DIME matches: 4645
   PhilGEPS matches: 10263

📊 Final Venn Diagram Data:
   🔵 Flood only:        0
   🟢 DIME only:         9
   🟡 PhilGEPS only:     5,114
   🔵🟢 Flood + DIME:     0
   🔵🟡 Flood + PhilGEPS: 513
   🟢🟡 DIME + PhilGEPS:  132
   🔵🟢🟡 All three:       4,504

   Total per source:
   🔵 Flood:    5,017
   🟢 DIME:     4,645
   🟡 PhilGEPS: 10,263

✅ Sync completed!
