🚀 Starting DIME contractors sync...
📌 Unified contractors database: philgeps.contractors
   - Data sources: DIME, PhilGEPS, Flood (MeiliSearch)
   - SEC is verification tool (not a source)
   - JV contractors split into individual companies
   - Former names tracked separately

🔧 Checking contractors table schema...
✅ former_id column already exists
✅ source column already exists

📊 Connecting to DIME database...
✅ Found 2554 contractor entries in DIME database
   - JV entries split: 793
   - Former names extracted: 482
✅ Total unique individual contractors: 2817
📊 Connecting to PhilGEPS database...
✅ Found 2305 existing contractors in philgeps.contractors table

📊 Initial counts:
   DIME contractors: 2817
   Existing in philgeps: 2305
   Potential new (exact match): 2783

🔍 Checking for duplicates using fuzzy matching (5 threads)...
   Progress: 100/2783 contractors checked...
   Progress: 200/2783 contractors checked...
   Progress: 300/2783 contractors checked...
   Progress: 400/2783 contractors checked...
   Progress: 500/2783 contractors checked...
   Progress: 600/2783 contractors checked...
   Progress: 700/2783 contractors checked...
   Progress: 800/2783 contractors checked...
   Progress: 900/2783 contractors checked...
   Progress: 1000/2783 contractors checked...
   Progress: 1100/2783 contractors checked...
   Progress: 1200/2783 contractors checked...
   Progress: 1300/2783 contractors checked...
   Progress: 1400/2783 contractors checked...
   Progress: 1500/2783 contractors checked...
   Progress: 1600/2783 contractors checked...
   Progress: 1700/2783 contractors checked...
   Progress: 1800/2783 contractors checked...
   Progress: 1900/2783 contractors checked...
   Progress: 2000/2783 contractors checked...
   Progress: 2100/2783 contractors checked...
   Progress: 2200/2783 contractors checked...
   Progress: 2300/2783 contractors checked...
   Progress: 2400/2783 contractors checked...
   Progress: 2500/2783 contractors checked...
   Progress: 2600/2783 contractors checked...
   Progress: 2700/2783 contractors checked...
✅ Found 2734 unique contractors, 49 duplicates

📊 After fuzzy matching:
   Unique contractors to insert: 2734
   Duplicates detected: 49

📋 Duplicate examples (first 10):
   ❌ '729 CONSTRUCTION, INC' → matches existing 'R26 CONSTRUCTION, INC.'
   ❌ 'A.D. PENDON CONSTRUCTION & SUPPLY, INC' → matches existing 'ADP CONSTRUCTION & SUPPLY'
   ❌ 'ARN BUILDERS, INC' → matches existing 'AARCON BUILDERS'
   ❌ 'BLACK HARDHAT INC' → matches existing 'BLACK HARDHAT INC.'
   ❌ 'C.F. TRINIDAD CONSTRUCTION AND SUPPLIES CORP' → matches existing 'RANIA CONSTRUCTION AND SUPPLIES'
   ❌ 'C.R. DOMINGO CONSTRUCTION AND POWER DEVELOPMENT, INC' → matches existing '. C.R. DOMINGO CONSTRUCTION, INC.'
   ❌ 'DAHL CONSTRUCTION CORP' → matches existing 'DAV-LEY CONSTRUCTION SERVICES INC.'
   ❌ 'DGSARM BUILDERS INC' → matches existing 'DGSARM BUILDERS INC.'
   ❌ 'DSB CONSTRUCTION & SUPPLY, INC' → matches existing 'CBC CONSTRUCTION & SUPPLY'
   ❌ 'GACUTAN CONSTRUCTION INC' → matches existing 'CM TAN CONSTRUCTION'
   ... and 39 more duplicates

📋 Preview of unique contractors to insert (first 10):
   ✅ ", "nameAbbreviation": "CCASC/MCADCF", "logoUrl": null}
   ✅ ", "nameAbbreviation": "CTCASCF", "logoUrl": null}
   ✅ ", "nameAbbreviation": "EB/CTCASCF", "logoUrl": null}
   ✅ ", "nameAbbreviation": "FGB/MCADCF", "logoUrl": null}
   ✅ ", "nameAbbreviation": "GWC/MCADCF", "logoUrl": null}
   ✅ ", "nameAbbreviation": "HC&DCF", "logoUrl": null}
   ✅ ", "nameAbbreviation": "MCADCF", "logoUrl": null}
   ✅ ", "nameAbbreviation": "NBAD/RC&SCF", "logoUrl": null}
   ✅ ", "nameAbbreviation": "PC&DCF", "logoUrl": null}
   ✅ ", "nameAbbreviation": "RBCAGM/MCADCF", "logoUrl": null}
   ... and 2724 more

📝 Inserting 2734 new contractors...
   Progress: 100 inserted, 0 updated, 100/2734 processed...
   Progress: 200 inserted, 0 updated, 200/2734 processed...
   Progress: 300 inserted, 0 updated, 300/2734 processed...
   Progress: 400 inserted, 0 updated, 400/2734 processed...
   Progress: 500 inserted, 0 updated, 500/2734 processed...
   Progress: 600 inserted, 0 updated, 600/2734 processed...
   Progress: 700 inserted, 0 updated, 700/2734 processed...
   Progress: 800 inserted, 0 updated, 800/2734 processed...
   Progress: 900 inserted, 0 updated, 900/2734 processed...
   Progress: 1000 inserted, 0 updated, 1000/2734 processed...
   Progress: 1100 inserted, 0 updated, 1100/2734 processed...
   Progress: 1200 inserted, 0 updated, 1200/2734 processed...
   Progress: 1300 inserted, 0 updated, 1300/2734 processed...
   Progress: 1400 inserted, 0 updated, 1400/2734 processed...
   Progress: 1500 inserted, 0 updated, 1500/2734 processed...
   Progress: 1600 inserted, 0 updated, 1600/2734 processed...
   Progress: 1700 inserted, 0 updated, 1700/2734 processed...
   Progress: 1800 inserted, 0 updated, 1800/2734 processed...
   Progress: 1900 inserted, 0 updated, 1900/2734 processed...
   Progress: 2000 inserted, 0 updated, 2000/2734 processed...
   Progress: 2100 inserted, 0 updated, 2100/2734 processed...
   Progress: 2200 inserted, 0 updated, 2200/2734 processed...
   Progress: 2300 inserted, 0 updated, 2300/2734 processed...
   Progress: 2400 inserted, 0 updated, 2400/2734 processed...
   Progress: 2500 inserted, 0 updated, 2500/2734 processed...
   Progress: 2600 inserted, 0 updated, 2600/2734 processed...
   Progress: 2700 inserted, 0 updated, 2700/2734 processed...
✅ Successfully inserted 2734 new contractors, updated 0 existing
   Note: Source field updated to track 'dime' origin

✅ Sync completed!
