🚀 Starting comprehensive source sync to SEC database...

📊 Fetching contractors from Flood Control (MeiliSearch)...
✅ Found 2409 unique contractors in Flood
📊 Fetching contractors from DIME database...
✅ Found 2554 unique contractors in DIME
📊 Fetching contractors from PhilGEPS contracts...
✅ Found 10647 unique contractors in PhilGEPS

📊 Total source contractors:
   Flood: 2,409
   DIME: 2,554
   PhilGEPS: 10,647

📊 Processing 11041 contractors in SEC database...

   Progress: 100/11041 (F:15 D:0 P:35)...
   Progress: 200/11041 (F:41 D:0 P:103)...
   Progress: 300/11041 (F:65 D:0 P:162)...
   Progress: 400/11041 (F:77 D:0 P:195)...
   Progress: 500/11041 (F:97 D:0 P:252)...
   Progress: 600/11041 (F:129 D:0 P:320)...
   Progress: 700/11041 (F:145 D:0 P:374)...
   Progress: 800/11041 (F:171 D:0 P:445)...
   Progress: 900/11041 (F:198 D:0 P:511)...
   Progress: 1000/11041 (F:220 D:0 P:584)...
   Progress: 1100/11041 (F:241 D:0 P:651)...
   Progress: 1200/11041 (F:270 D:0 P:715)...
   Progress: 1300/11041 (F:307 D:0 P:800)...
   Progress: 1400/11041 (F:370 D:0 P:875)...
   Progress: 1500/11041 (F:423 D:0 P:950)...
   Progress: 1600/11041 (F:472 D:0 P:1032)...
   Progress: 1700/11041 (F:531 D:0 P:1118)...
   Progress: 1800/11041 (F:557 D:0 P:1181)...
   Progress: 1900/11041 (F:589 D:0 P:1250)...
   Progress: 2000/11041 (F:614 D:0 P:1302)...
   Progress: 2100/11041 (F:658 D:0 P:1369)...
   Progress: 2200/11041 (F:682 D:0 P:1417)...
   Progress: 2300/11041 (F:725 D:0 P:1485)...
   Progress: 2400/11041 (F:757 D:0 P:1535)...
   Progress: 2500/11041 (F:792 D:0 P:1590)...
   Progress: 2600/11041 (F:830 D:0 P:1683)...
   Progress: 2700/11041 (F:872 D:0 P:1778)...
   Progress: 2800/11041 (F:907 D:0 P:1864)...
   Progress: 2900/11041 (F:945 D:0 P:1951)...
   Progress: 3000/11041 (F:994 D:0 P:2036)...
   Progress: 3100/11041 (F:1047 D:0 P:2119)...
   Progress: 3200/11041 (F:1092 D:0 P:2207)...
   Progress: 3300/11041 (F:1125 D:0 P:2296)...
   Progress: 3400/11041 (F:1173 D:0 P:2383)...
   Progress: 3500/11041 (F:1204 D:0 P:2455)...
   Progress: 3600/11041 (F:1233 D:0 P:2543)...
   Progress: 3700/11041 (F:1256 D:0 P:2612)...
   Progress: 3800/11041 (F:1298 D:0 P:2701)...
   Progress: 3900/11041 (F:1335 D:0 P:2801)...
   Progress: 4000/11041 (F:1365 D:0 P:2901)...
   Progress: 4100/11041 (F:1402 D:0 P:3001)...
   Progress: 4200/11041 (F:1438 D:0 P:3101)...
   Progress: 4300/11041 (F:1480 D:0 P:3201)...
   Progress: 4400/11041 (F:1517 D:0 P:3301)...
   Progress: 4500/11041 (F:1552 D:0 P:3401)...
   Progress: 4600/11041 (F:1584 D:0 P:3501)...
   Progress: 4700/11041 (F:1628 D:0 P:3601)...
   Progress: 4800/11041 (F:1656 D:0 P:3701)...
   Progress: 4900/11041 (F:1687 D:0 P:3801)...
   Progress: 5000/11041 (F:1715 D:0 P:3901)...
   Progress: 5100/11041 (F:1749 D:0 P:4001)...
   Progress: 5200/11041 (F:1787 D:0 P:4101)...
   Progress: 5300/11041 (F:1829 D:0 P:4200)...
   Progress: 5400/11041 (F:1865 D:0 P:4300)...
   Progress: 5500/11041 (F:1898 D:0 P:4400)...
   Progress: 5600/11041 (F:1939 D:0 P:4500)...
   Progress: 5700/11041 (F:1971 D:0 P:4600)...
   Progress: 5800/11041 (F:2005 D:0 P:4700)...
   Progress: 5900/11041 (F:2038 D:0 P:4800)...
   Progress: 6000/11041 (F:2076 D:0 P:4900)...
   Progress: 6100/11041 (F:2116 D:0 P:5000)...
   Progress: 6200/11041 (F:2149 D:0 P:5100)...
   Progress: 6300/11041 (F:2179 D:0 P:5200)...
   Progress: 6400/11041 (F:2216 D:0 P:5300)...
   Progress: 6500/11041 (F:2255 D:0 P:5400)...
   Progress: 6600/11041 (F:2295 D:0 P:5499)...
   Progress: 6700/11041 (F:2322 D:0 P:5599)...
   Progress: 6800/11041 (F:2360 D:0 P:5699)...
   Progress: 6900/11041 (F:2399 D:0 P:5799)...
   Progress: 7000/11041 (F:2431 D:0 P:5898)...
   Progress: 7100/11041 (F:2461 D:0 P:5998)...
   Progress: 7200/11041 (F:2491 D:0 P:6098)...
   Progress: 7300/11041 (F:2523 D:0 P:6198)...
   Progress: 7400/11041 (F:2571 D:0 P:6298)...
   Progress: 7500/11041 (F:2601 D:0 P:6398)...
   Progress: 7600/11041 (F:2637 D:0 P:6498)...
   Progress: 7700/11041 (F:2675 D:0 P:6598)...
   Progress: 7800/11041 (F:2704 D:0 P:6698)...
   Progress: 7900/11041 (F:2745 D:0 P:6798)...
   Progress: 8000/11041 (F:2779 D:0 P:6897)...
   Progress: 8100/11041 (F:2808 D:0 P:6997)...
   Progress: 8200/11041 (F:2833 D:0 P:7097)...
   Progress: 8300/11041 (F:2865 D:0 P:7196)...
   Progress: 8400/11041 (F:2904 D:0 P:7296)...
   Progress: 8500/11041 (F:2935 D:0 P:7396)...
   Progress: 8600/11041 (F:2965 D:0 P:7496)...
   Progress: 8700/11041 (F:2999 D:0 P:7596)...
   Progress: 8800/11041 (F:3029 D:0 P:7695)...
   Progress: 8900/11041 (F:3062 D:0 P:7795)...
   Progress: 9000/11041 (F:3095 D:0 P:7895)...
   Progress: 9100/11041 (F:3136 D:0 P:7995)...
   Progress: 9200/11041 (F:3185 D:0 P:8091)...
   Progress: 9300/11041 (F:3217 D:0 P:8191)...
   Progress: 9400/11041 (F:3252 D:0 P:8291)...
   Progress: 9500/11041 (F:3289 D:0 P:8391)...
   Progress: 9600/11041 (F:3324 D:0 P:8491)...
   Progress: 9700/11041 (F:3355 D:0 P:8591)...
   Progress: 9800/11041 (F:3386 D:0 P:8691)...
   Progress: 9900/11041 (F:3420 D:0 P:8791)...
   Progress: 10000/11041 (F:3455 D:0 P:8891)...
   Progress: 10100/11041 (F:3497 D:0 P:8989)...
   Progress: 10200/11041 (F:3559 D:0 P:9087)...
   Progress: 10300/11041 (F:3598 D:0 P:9187)...
   Progress: 10400/11041 (F:3638 D:0 P:9285)...
   Progress: 10500/11041 (F:3677 D:0 P:9385)...
   Progress: 10600/11041 (F:3710 D:0 P:9485)...
   Progress: 10700/11041 (F:3753 D:0 P:9584)...
   Progress: 10800/11041 (F:3789 D:0 P:9684)...
   Progress: 10900/11041 (F:3821 D:0 P:9784)...
   Progress: 11000/11041 (F:3857 D:0 P:9884)...

✅ Updated 11041 contractors
   Flood matches: 3886
   DIME matches: 0
   PhilGEPS matches: 9925

📊 Final Venn Diagram Data:
   🔵 Flood only:        0
   🟢 DIME only:         0
   🟡 PhilGEPS only:     6,039
   🔵🟢 Flood + DIME:     0
   🔵🟡 Flood + PhilGEPS: 3,886
   🟢🟡 DIME + PhilGEPS:  0
   🔵🟢🟡 All three:       0

   Total per source:
   🔵 Flood:    3,886
   🟢 DIME:     0
   🟡 PhilGEPS: 9,925

✅ Sync completed!
