🚀 Starting PhilGEPS contractors sync...
📌 Source: contracts table (awardee_name)
📌 Target: contractors table

✅ Found 10666 unique awardee names in contracts table
   - JV entries split: 1396
   - Former names extracted: 471
✅ Total unique individual contractors after splitting: 9974

✅ Found 5039 existing contractors in contractors table

📊 Initial counts:
   PhilGEPS contracts: 9974
   Existing in contractors: 5039
   Potential new (exact match): 8173

📊 Skipping fuzzy matching for performance
✅ Found 8173 new contractors to insert

📝 Inserting 8173 new contractors...
   Progress: 100/8173...
   Progress: 200/8173...
   Progress: 300/8173...
   Progress: 400/8173...
   Progress: 500/8173...
   Progress: 600/8173...
   Progress: 700/8173...
   Progress: 800/8173...
   Progress: 900/8173...
   Progress: 1000/8173...
   Progress: 1100/8173...
   Progress: 1200/8173...
   Progress: 1300/8173...
   Progress: 1400/8173...
   Progress: 1500/8173...
   Progress: 1600/8173...
   Progress: 1700/8173...
   Progress: 1800/8173...
   Progress: 1900/8173...
   Progress: 2000/8173...
   Progress: 2100/8173...
   Progress: 2200/8173...
   Progress: 2300/8173...
   Progress: 2400/8173...
   Progress: 2500/8173...
   Progress: 2600/8173...
   Progress: 2700/8173...
   Progress: 2800/8173...
   Progress: 2900/8173...
   Progress: 3000/8173...
   Progress: 3100/8173...
   Progress: 3200/8173...
   Progress: 3300/8173...
   Progress: 3400/8173...
   Progress: 3500/8173...
   Progress: 3600/8173...
   Progress: 3700/8173...
   Progress: 3800/8173...
   Progress: 3900/8173...
   Progress: 4000/8173...
   Progress: 4100/8173...
   Progress: 4200/8173...
   Progress: 4300/8173...
   Progress: 4400/8173...
   Progress: 4500/8173...
   Progress: 4600/8173...
   Progress: 4700/8173...
   Progress: 4800/8173...
   Progress: 4900/8173...
   Progress: 5000/8173...
   Progress: 5100/8173...
   Progress: 5200/8173...
   Progress: 5300/8173...
   Progress: 5400/8173...
   Progress: 5500/8173...
   Progress: 5600/8173...
   Progress: 5700/8173...
   Progress: 5800/8173...
   Progress: 5900/8173...
   Progress: 6000/8173...
   Progress: 6100/8173...
   Progress: 6200/8173...
   Progress: 6300/8173...
   Progress: 6400/8173...
   Progress: 6500/8173...
   Progress: 6600/8173...
   Progress: 6700/8173...
   Progress: 6800/8173...
   Progress: 6900/8173...
   Progress: 7000/8173...
   Progress: 7100/8173...
   Progress: 7200/8173...
   Progress: 7300/8173...
   Progress: 7400/8173...
   Progress: 7500/8173...
   Progress: 7600/8173...
   Progress: 7700/8173...
   Progress: 7800/8173...
   Progress: 7900/8173...
   Progress: 8000/8173...
   Progress: 8100/8173...
✅ Successfully inserted 8173 new contractors

✅ Sync completed!
