🚀 Starting comprehensive source sync to SEC database...

📊 Fetching contractors from philgeps.contractors (already cleaned)...
✅ Found contractors by source:
   Flood: 1
   DIME: 2,734
   PhilGEPS: 8,173

📊 Total source contractors:
   Flood: 1
   DIME: 2,734
   PhilGEPS: 8,173

📊 Processing 11041 contractors in SEC database...

   Progress: 100/11041 (F:0 D:0 P:52)...
   Progress: 200/11041 (F:0 D:0 P:127)...
   Progress: 300/11041 (F:0 D:0 P:191)...
   Progress: 400/11041 (F:0 D:0 P:256)...
   Progress: 500/11041 (F:0 D:0 P:298)...
   Progress: 600/11041 (F:0 D:0 P:360)...
   Progress: 700/11041 (F:0 D:0 P:435)...
   Progress: 800/11041 (F:0 D:0 P:502)...
   Progress: 900/11041 (F:0 D:0 P:565)...
   Progress: 1000/11041 (F:0 D:0 P:634)...
   Progress: 1100/11041 (F:0 D:0 P:707)...
   Progress: 1200/11041 (F:0 D:0 P:777)...
   Progress: 1300/11041 (F:0 D:0 P:838)...
   Progress: 1400/11041 (F:0 D:0 P:907)...
   Progress: 1500/11041 (F:0 D:0 P:983)...
   Progress: 1600/11041 (F:0 D:0 P:1045)...
   Progress: 1700/11041 (F:0 D:0 P:1111)...
   Progress: 1800/11041 (F:0 D:0 P:1182)...
   Progress: 1900/11041 (F:0 D:0 P:1240)...
   Progress: 2000/11041 (F:0 D:24 P:1287)...
   Progress: 2100/11041 (F:0 D:40 P:1357)...
   Progress: 2200/11041 (F:0 D:58 P:1420)...
   Progress: 2300/11041 (F:0 D:93 P:1468)...
   Progress: 2400/11041 (F:0 D:110 P:1508)...
   Progress: 2500/11041 (F:0 D:139 P:1552)...
   Progress: 2600/11041 (F:0 D:171 P:1595)...
   Progress: 2700/11041 (F:0 D:198 P:1631)...
   Progress: 2800/11041 (F:0 D:201 P:1659)...
   Progress: 2900/11041 (F:0 D:213 P:1706)...
   Progress: 3000/11041 (F:0 D:213 P:1799)...
   Progress: 3100/11041 (F:0 D:213 P:1882)...
   Progress: 3200/11041 (F:0 D:213 P:1956)...
   Progress: 3300/11041 (F:0 D:213 P:2022)...
   Progress: 3400/11041 (F:0 D:213 P:2088)...
   Progress: 3500/11041 (F:0 D:213 P:2169)...
   Progress: 3600/11041 (F:0 D:213 P:2256)...
   Progress: 3700/11041 (F:0 D:213 P:2346)...
   Progress: 3800/11041 (F:0 D:213 P:2430)...
   Progress: 3900/11041 (F:0 D:213 P:2526)...
   Progress: 4000/11041 (F:0 D:213 P:2608)...
   Progress: 4100/11041 (F:0 D:213 P:2685)...
   Progress: 4200/11041 (F:0 D:213 P:2779)...
   Progress: 4300/11041 (F:0 D:213 P:2878)...
   Progress: 4400/11041 (F:0 D:213 P:2978)...
   Progress: 4500/11041 (F:0 D:213 P:3077)...
   Progress: 4600/11041 (F:0 D:213 P:3175)...
   Progress: 4700/11041 (F:0 D:213 P:3273)...
   Progress: 4800/11041 (F:0 D:213 P:3373)...
   Progress: 4900/11041 (F:0 D:213 P:3471)...
   Progress: 5000/11041 (F:0 D:213 P:3569)...
   Progress: 5100/11041 (F:0 D:213 P:3667)...
   Progress: 5200/11041 (F:0 D:213 P:3766)...
   Progress: 5300/11041 (F:0 D:213 P:3865)...
   Progress: 5400/11041 (F:0 D:213 P:3964)...
   Progress: 5500/11041 (F:0 D:213 P:4063)...
   Progress: 5600/11041 (F:0 D:213 P:4162)...
   Progress: 5700/11041 (F:0 D:213 P:4261)...
   Progress: 5800/11041 (F:1 D:213 P:4359)...
   Progress: 5900/11041 (F:1 D:213 P:4459)...
   Progress: 6000/11041 (F:1 D:213 P:4557)...
   Progress: 6100/11041 (F:1 D:213 P:4656)...
   Progress: 6200/11041 (F:1 D:213 P:4752)...
   Progress: 6300/11041 (F:1 D:213 P:4849)...
   Progress: 6400/11041 (F:1 D:213 P:4948)...
   Progress: 6500/11041 (F:1 D:213 P:5047)...
   Progress: 6600/11041 (F:1 D:213 P:5145)...
   Progress: 6700/11041 (F:1 D:213 P:5244)...
   Progress: 6800/11041 (F:1 D:213 P:5344)...
   Progress: 6900/11041 (F:1 D:213 P:5442)...
   Progress: 7000/11041 (F:1 D:213 P:5541)...
   Progress: 7100/11041 (F:1 D:213 P:5640)...
   Progress: 7200/11041 (F:1 D:213 P:5738)...
   Progress: 7300/11041 (F:1 D:213 P:5838)...
   Progress: 7400/11041 (F:1 D:213 P:5937)...
   Progress: 7500/11041 (F:1 D:213 P:6035)...
   Progress: 7600/11041 (F:1 D:213 P:6134)...
   Progress: 7700/11041 (F:1 D:213 P:6234)...
   Progress: 7800/11041 (F:1 D:213 P:6333)...
   Progress: 7900/11041 (F:1 D:213 P:6433)...
   Progress: 8000/11041 (F:1 D:213 P:6533)...
   Progress: 8100/11041 (F:1 D:213 P:6630)...
   Progress: 8200/11041 (F:1 D:213 P:6730)...
   Progress: 8300/11041 (F:1 D:213 P:6828)...
   Progress: 8400/11041 (F:1 D:213 P:6928)...
   Progress: 8500/11041 (F:1 D:213 P:7027)...
   Progress: 8600/11041 (F:1 D:213 P:7127)...
   Progress: 8700/11041 (F:1 D:213 P:7226)...
   Progress: 8800/11041 (F:1 D:213 P:7326)...
   Progress: 8900/11041 (F:1 D:213 P:7424)...
   Progress: 9000/11041 (F:1 D:213 P:7523)...
   Progress: 9100/11041 (F:1 D:213 P:7620)...
   Progress: 9200/11041 (F:1 D:213 P:7714)...
   Progress: 9300/11041 (F:1 D:213 P:7798)...
   Progress: 9400/11041 (F:1 D:213 P:7897)...
   Progress: 9500/11041 (F:1 D:213 P:7993)...
   Progress: 9600/11041 (F:1 D:213 P:8091)...
   Progress: 9700/11041 (F:1 D:213 P:8191)...
   Progress: 9800/11041 (F:1 D:213 P:8289)...
   Progress: 9900/11041 (F:1 D:213 P:8387)...
   Progress: 10000/11041 (F:1 D:213 P:8485)...
   Progress: 10100/11041 (F:1 D:213 P:8584)...
   Progress: 10200/11041 (F:1 D:213 P:8652)...
   Progress: 10300/11041 (F:1 D:213 P:8740)...
   Progress: 10400/11041 (F:1 D:213 P:8837)...
   Progress: 10500/11041 (F:1 D:213 P:8932)...
   Progress: 10600/11041 (F:1 D:213 P:9029)...
   Progress: 10700/11041 (F:1 D:213 P:9125)...
   Progress: 10800/11041 (F:1 D:213 P:9222)...
   Progress: 10900/11041 (F:1 D:213 P:9321)...
   Progress: 11000/11041 (F:1 D:213 P:9419)...

✅ Updated 11041 contractors
   Flood matches: 1
   DIME matches: 213
   PhilGEPS matches: 9452

📊 Final Venn Diagram Data:
   🔵 Flood only:        0
   🟢 DIME only:         9
   🟡 PhilGEPS only:     5,553
   🔵🟢 Flood + DIME:     0
   🔵🟡 Flood + PhilGEPS: 486
   🟢🟡 DIME + PhilGEPS:  116
   🔵🟢🟡 All three:       4,036

   Total per source:
   🔵 Flood:    4,522
   🟢 DIME:     4,161
   🟡 PhilGEPS: 10,191

✅ Sync completed!
