🚀 Updating project counts for all contractors...

📊 Counting projects from Flood (MeiliSearch)...
   ✅ Flood: 9855 projects from 2409 unique contractors
📊 Counting projects from DIME...
   ✅ DIME: 12869 project-contractor links
📊 Counting projects from PhilGEPS...
   ✅ PhilGEPS: 104819 contracts

📊 Total raw project counts: 127543
   Unique raw contractor names: 10794

📊 Matching to sec.contractors and updating project counts...
   ✅ Matched 7081 contractors with project counts

📝 Updating project counts in sec.contractors...
   Progress: 1000/7081...
   Progress: 2000/7081...
   Progress: 3000/7081...
   Progress: 4000/7081...
   Progress: 5000/7081...
   Progress: 6000/7081...
   Progress: 7000/7081...
   ✅ Updated 7081 contractors with project counts

📊 Top 10 contractors by project count:
    1. EBUILDERS CONSTRUCTION & DEVELOPMENT CORP          6392 projects
    2. No Data Available                                  2012 projects
    3. ENGINEERING                                        1987 projects
    4. CONSTRUCTION SUPPLIES                              1514 projects
    5. ICO CONSTRUCTION SERVICES                          1306 projects
    6. C CONSTRUCTION SERVICES                             897 projects
    7. EGB CONSTRUCTION CORPORATION                        800 projects
    8. ACO CONSTRUCTION                                    793 projects
    9. LEGACY CONSTRUCTION CORPORATION                     685 projects
   10. RA IGNACIO CONST. CORP.) / ST. TIMOTHY CONSTRUCTIO  659 projects

✅ Project count update complete!
