🚀 Updating project counts for all contractors...

📊 Counting projects from Flood (MeiliSearch)...
   ✅ Flood: 9855 projects from 2409 unique contractors
📊 Counting projects from DIME...
   ✅ DIME: 12869 project-contractor links
📊 Counting projects from PhilGEPS...
   ✅ PhilGEPS: 104819 contracts

📊 Total raw project counts: 127543
   Unique raw contractor names: 10794

📊 Matching to sec.contractors and updating project counts...
   ⚠ No match: 'FLO'
   ⚠ No match: 'M.G. SALAZAR / 525 CONSTRUCTION'
   ⚠ No match: 'RR'
   ⚠ No match: 'VRP'
   ⚠ No match: 'RICH ADS CON / REVERE CONSTRUCTION & SUPPLY CORPORATION'
   ⚠ No match: 'CONRADO B. BAUTISTA CONST. & SUPPLY CORP.'
   ⚠ No match: 'RR'
   ⚠ No match: 'JEJAN CONSTRUCT'
   ⚠ No match: 'SANRHO CONST. AND SUPPL / 3RB CONSTRUCTION & SUPPLY'
   ⚠ No match: 'JEJAN CONSTRUCT / TWINCARE BUILDERS INC'
   ✅ Matched 12299 raw names to 9915 unique contractors
   ⚠ Unmatched: 98 raw names
   ✅ Matched 9915 contractors with project counts

📝 Updating project counts in sec.contractors...
   Progress: 1000/9915...
   Progress: 2000/9915...
   Progress: 3000/9915...
   Progress: 4000/9915...
   Progress: 5000/9915...
   Progress: 6000/9915...
   Progress: 7000/9915...
   Progress: 8000/9915...
   Progress: 9000/9915...
   ✅ Updated 9915 contractors with project counts

📊 Top 10 contractors by project count:
    1. LEGACY CONSTRUCTION CORPORATION                     685 projects
    2. ST. TIMOTHY CONSTRUCTION CORPORATION                648 projects
    3. ALPHA & OMEGA GEN. CONTRACTOR & DEVELOPMENT CORP    587 projects
    4. QM BUILDERS                                         560 projects
    5. EGB CONSTRUCTION                                    451 projects
    6. J.B. FELIPE CONSTRUCTION                            450 projects
    7. CENTERWAYS CONSTRUCTION AND DEVELOPMENT INC.        400 projects
    8. TOPNOTCH CATALYST BUILDERS INC.                     397 projects
    9. ROYAL CROWN MONARCH CONSTRUCTION & SUPPLIES CORP.   394 projects
   10. SUNWEST, INC.                                       393 projects

✅ Project count update complete!
