🔍 Fetching top 400 normalized contractors by project count...
✅ Found 400 contractors to process
📊 Top 10 by project count:
    1. LEGACY CONSTRUCTION CORPORATION                    (685 projects)
    2. ST. TIMOTHY CONSTRUCTION CORPORATION               (648 projects)
    3. ALPHA & OMEGA GEN. CONTRACTOR & DEVELOPMENT CORP   (587 projects)
    4. QM BUILDERS                                        (560 projects)
    5. EGB CONSTRUCTION                                   (451 projects)
    6. J.B. FELIPE CONSTRUCTION                           (450 projects)
    7. CENTERWAYS CONSTRUCTION AND DEVELOPMENT INC.       (400 projects)
    8. TOPNOTCH CATALYST BUILDERS INC.                    (397 projects)
    9. ROYAL CROWN MONARCH CONSTRUCTION & SUPPLIES CORP   (394 projects)
   10. SUNWEST, INC                                       (393 projects)


================================================================================
📄 Processing Page 1/10 (companies 1-40)
================================================================================
🚀 Sending prompt to Perplexity for 40 companies...
✅ Saved CSV to /home/joebert/open-data-visualization/family_analysis/family_parser/contractor_officers_csvs/llm_contractor_officers_page_001.csv
📊 Inserted 0 affiliations into dynasty.company_affiliations
✅ Marked 40 companies as processed

================================================================================
📄 Processing Page 2/10 (companies 41-80)
================================================================================
🚀 Sending prompt to Perplexity for 40 companies...
✅ Saved CSV to /home/joebert/open-data-visualization/family_analysis/family_parser/contractor_officers_csvs/llm_contractor_officers_page_002.csv
   🔗 Found 36 person names matching dynasty database
📊 Inserted 47 affiliations into dynasty.company_affiliations
   💎 Stored 90 dynasty matches in contractor_dynasty_matches
✅ Marked 40 companies as processed

================================================================================
📄 Processing Page 3/10 (companies 81-120)
================================================================================
🚀 Sending prompt to Perplexity for 40 companies...
✅ Saved CSV to /home/joebert/open-data-visualization/family_analysis/family_parser/contractor_officers_csvs/llm_contractor_officers_page_003.csv
   🔗 Found 12 person names matching dynasty database
📊 Inserted 31 affiliations into dynasty.company_affiliations
   💎 Stored 30 dynasty matches in contractor_dynasty_matches
✅ Marked 40 companies as processed

================================================================================
📄 Processing Page 4/10 (companies 121-160)
================================================================================
🚀 Sending prompt to Perplexity for 40 companies...
✅ Saved CSV to /home/joebert/open-data-visualization/family_analysis/family_parser/contractor_officers_csvs/llm_contractor_officers_page_004.csv
📊 Inserted 9 affiliations into dynasty.company_affiliations
✅ Marked 40 companies as processed

================================================================================
📄 Processing Page 5/10 (companies 161-200)
================================================================================
🚀 Sending prompt to Perplexity for 40 companies...
✅ Saved CSV to /home/joebert/open-data-visualization/family_analysis/family_parser/contractor_officers_csvs/llm_contractor_officers_page_005.csv
📊 Inserted 4 affiliations into dynasty.company_affiliations
✅ Marked 40 companies as processed

================================================================================
📄 Processing Page 6/10 (companies 201-240)
================================================================================
🚀 Sending prompt to Perplexity for 40 companies...
✅ Saved CSV to /home/joebert/open-data-visualization/family_analysis/family_parser/contractor_officers_csvs/llm_contractor_officers_page_006.csv
   🔗 Found 6 person names matching dynasty database
📊 Inserted 14 affiliations into dynasty.company_affiliations
   💎 Stored 14 dynasty matches in contractor_dynasty_matches
✅ Marked 40 companies as processed

================================================================================
📄 Processing Page 7/10 (companies 241-280)
================================================================================
🚀 Sending prompt to Perplexity for 40 companies...
✅ Saved CSV to /home/joebert/open-data-visualization/family_analysis/family_parser/contractor_officers_csvs/llm_contractor_officers_page_007.csv
   🔗 Found 3 person names matching dynasty database
📊 Inserted 10 affiliations into dynasty.company_affiliations
   💎 Stored 6 dynasty matches in contractor_dynasty_matches
✅ Marked 40 companies as processed

================================================================================
📄 Processing Page 8/10 (companies 281-320)
================================================================================
🚀 Sending prompt to Perplexity for 40 companies...
✅ Saved CSV to /home/joebert/open-data-visualization/family_analysis/family_parser/contractor_officers_csvs/llm_contractor_officers_page_008.csv
   🔗 Found 30 person names matching dynasty database
📊 Inserted 42 affiliations into dynasty.company_affiliations
   💎 Stored 92 dynasty matches in contractor_dynasty_matches
✅ Marked 40 companies as processed

================================================================================
📄 Processing Page 9/10 (companies 321-360)
================================================================================
🚀 Sending prompt to Perplexity for 40 companies...
✅ Saved CSV to /home/joebert/open-data-visualization/family_analysis/family_parser/contractor_officers_csvs/llm_contractor_officers_page_009.csv
   🔗 Found 57 person names matching dynasty database
📊 Inserted 105 affiliations into dynasty.company_affiliations
   💎 Stored 138 dynasty matches in contractor_dynasty_matches
✅ Marked 40 companies as processed

================================================================================
📄 Processing Page 10/10 (companies 361-400)
================================================================================
🚀 Sending prompt to Perplexity for 40 companies...
✅ Saved CSV to /home/joebert/open-data-visualization/family_analysis/family_parser/contractor_officers_csvs/llm_contractor_officers_page_010.csv
📊 Inserted 2 affiliations into dynasty.company_affiliations
✅ Marked 40 companies as processed

================================================================================
✅ Processing complete!
================================================================================
📁 CSV files saved to: /home/joebert/open-data-visualization/family_analysis/family_parser/contractor_officers_csvs
📊 Total contractors processed: 400
📄 Total pages: 10
