================================================================================
RE-QUERY PERPLEXITY FOR CONTRACTOR OFFICERS
================================================================================
Started: 2025-10-31 17:21:31

🔍 Identifying contractors with constellations...
✅ Found 41 unique contractors

📋 Contractors to re-query:
   1. 1C4M BUILDERS INC.
   2. 3DIAMONDS CONSTRUCTION CORPORATION
   3. A.C. RIVERO DEVELOPMENT CORPORATION
   4. ADFIL CORPORATION
   5. ALRO CONSTRUCTION & DEVELOPMENT CORPORATION
   6. AMP 723 CONSTRUCTION CORPORATION
   7. ARCINUE COMM'L. CORPORATION
   8. BLACK HARDHAT INC.
   9. DAHL CONSTRUCTION CORP.
   10. DGSARM BUILDERS INC.
   11. DQT BUILDERS CORPORATION
   12. EIRISH BUILDERS & SUPPLY INC.
   13. ELITE GENERAL CONTRACTOR AND DEVELOPMENT CORP.
   14. EZJONES CONSTRUCTION INC.
   15. FERDSTAR BUILDERS INC.
   16. FIRST NORTHWAY DEVELOPMENT AND CONSTRUCTION CORPORATION
   17. GACUTAN CONSTRUCTION INC.
   18. GRACE CONSTRUCTION CORPORATION
   19. GVDPM CONSTRUCTION CORP.
   20. HIGH ROCK CONSTRUCTION AND SUPPLIES INCORPORATED
   21. JASMIG CONSTRUCTION CORPORATION
   22. JB CONSTRUCTION AND SUPPLY INC.
   23. JFR CONSTRUCTION INC.
   24. LCTING CONSTRUCTION AND DEVELOPMENT CORPORATION
   25. LEDA CONSTRUCTION INCORPORATED
   26. M3 KONSTRACT CORPORATION
   27. MAER SUMMIT KONSTRUKT CO.
   28. MAKAPA CORPORATION
   29. RJIR ENTERPRISES CORPORATION
   30. RNN CONSTRUCTION CORPORATION
   31. SILVERWOLVES CONSTRUCTION CORPORATION
   32. SPECO BUILDERS INC.
   33. STREAMLINE BUILDERS CORPORATION
   34. STRONGLANE BUILDERS AND TRADING CORPORATION
   35. T2B3 BUILDERS AND SUPPLIES CORP.
   36. TBB CONSTRUCTION CORP.
   37. TCSC CORP.
   38. UY CONDEV CORPORATION
   39. VIBRANIUM BUILDERS CORPORATION
   40. WTG CONSTRUCTION AND DEVELOPMENT CORPORATION
   41. YPR GEN. CONTRACTOR AND CONSTRUCTION SUPPLY INC

🚀 Querying Perplexity API for all 41 contractors...
   (This may take a few minutes)
   📡 Calling Perplexity API...
✅ Received 0 officer records from Perplexity
✅ Saved results to: family_analysis/family_parser/contractor_officers_csvs/llm_contractor_officers_requery_20251031_172133.csv

🔍 Comparing with existing data...
================================================================================

📊 1C4M BUILDERS INC.:
   New officers: 0
   Removed officers: 9
   ✅ All officers match existing data

📊 3DIAMONDS CONSTRUCTION CORPORATION:
   New officers: 0
   Removed officers: 9
   ✅ All officers match existing data

📊 A.C. RIVERO DEVELOPMENT CORPORATION:
   New officers: 0
   Removed officers: 4
   ✅ All officers match existing data

📊 ADFIL CORPORATION:
   New officers: 0
   Removed officers: 9
   ✅ All officers match existing data

📊 ALRO CONSTRUCTION & DEVELOPMENT CORPORATION:
   New officers: 0
   Removed officers: 9
   ✅ All officers match existing data

📊 AMP 723 CONSTRUCTION CORPORATION:
   New officers: 0
   Removed officers: 9
   ✅ All officers match existing data

📊 ARCINUE COMM'L. CORPORATION:
   New officers: 0
   Removed officers: 3
   ✅ All officers match existing data

📊 BLACK HARDHAT INC.:
   New officers: 0
   Removed officers: 9
   ✅ All officers match existing data

📊 DAHL CONSTRUCTION CORP.:
   New officers: 0
   Removed officers: 10
   ✅ All officers match existing data

📊 DGSARM BUILDERS INC.:
   New officers: 0
   Removed officers: 6
   ✅ All officers match existing data

📊 DQT BUILDERS CORPORATION:
   New officers: 0
   Removed officers: 3
   ✅ All officers match existing data

📊 EIRISH BUILDERS & SUPPLY INC.:
   New officers: 0
   Removed officers: 8
   ✅ All officers match existing data

📊 ELITE GENERAL CONTRACTOR AND DEVELOPMENT CORP.:
   New officers: 0
   Removed officers: 9
   ✅ All officers match existing data

📊 EZJONES CONSTRUCTION INC.:
   New officers: 0
   Removed officers: 2
   ✅ All officers match existing data

📊 FERDSTAR BUILDERS INC.:
   New officers: 0
   Removed officers: 6
   ✅ All officers match existing data

📊 FIRST NORTHWAY DEVELOPMENT AND CONSTRUCTION CORPORATION:
   New officers: 0
   Removed officers: 9
   ✅ All officers match existing data

📊 GACUTAN CONSTRUCTION INC.:
   New officers: 0
   Removed officers: 2
   ✅ All officers match existing data

📊 GRACE CONSTRUCTION CORPORATION:
   New officers: 0
   Removed officers: 3
   ✅ All officers match existing data

📊 GVDPM CONSTRUCTION CORP.:
   New officers: 0
   Removed officers: 3
   ✅ All officers match existing data

📊 HIGH ROCK CONSTRUCTION AND SUPPLIES INCORPORATED:
   New officers: 0
   Removed officers: 9
   ✅ All officers match existing data

📊 JASMIG CONSTRUCTION CORPORATION:
   New officers: 0
   Removed officers: 2
   ✅ All officers match existing data

📊 JB CONSTRUCTION AND SUPPLY INC.:
   New officers: 0
   Removed officers: 13
   ✅ All officers match existing data

📊 JFR CONSTRUCTION INC.:
   New officers: 0
   Removed officers: 2
   ✅ All officers match existing data

📊 LCTING CONSTRUCTION AND DEVELOPMENT CORPORATION:
   New officers: 0
   Removed officers: 3
   ✅ All officers match existing data

📊 LEDA CONSTRUCTION INCORPORATED:
   New officers: 0
   Removed officers: 6
   ✅ All officers match existing data

📊 M3 KONSTRACT CORPORATION:
   New officers: 0
   Removed officers: 9
   ✅ All officers match existing data

📊 MAER SUMMIT KONSTRUKT CO.:
   New officers: 0
   Removed officers: 3
   ✅ All officers match existing data

📊 MAKAPA CORPORATION:
   New officers: 0
   Removed officers: 9
   ✅ All officers match existing data

📊 RJIR ENTERPRISES CORPORATION:
   New officers: 0
   Removed officers: 7
   ✅ All officers match existing data

📊 RNN CONSTRUCTION CORPORATION:
   New officers: 0
   Removed officers: 9
   ✅ All officers match existing data

📊 SILVERWOLVES CONSTRUCTION CORPORATION:
   New officers: 0
   Removed officers: 6
   ✅ All officers match existing data

📊 SPECO BUILDERS INC.:
   New officers: 0
   Removed officers: 9
   ✅ All officers match existing data

📊 STREAMLINE BUILDERS CORPORATION:
   New officers: 0
   Removed officers: 9
   ✅ All officers match existing data

📊 STRONGLANE BUILDERS AND TRADING CORPORATION:
   New officers: 0
   Removed officers: 6
   ✅ All officers match existing data

📊 T2B3 BUILDERS AND SUPPLIES CORP.:
   New officers: 0
   Removed officers: 7
   ✅ All officers match existing data

📊 TBB CONSTRUCTION CORP.:
   New officers: 0
   Removed officers: 3
   ✅ All officers match existing data

📊 TCSC CORP.:
   New officers: 0
   Removed officers: 9
   ✅ All officers match existing data

📊 UY CONDEV CORPORATION:
   New officers: 0
   Removed officers: 6
   ✅ All officers match existing data

📊 VIBRANIUM BUILDERS CORPORATION:
   New officers: 0
   Removed officers: 6
   ✅ All officers match existing data

📊 WTG CONSTRUCTION AND DEVELOPMENT CORPORATION:
   New officers: 0
   Removed officers: 4
   ✅ All officers match existing data

📊 YPR GEN. CONTRACTOR AND CONSTRUCTION SUPPLY INC:
   New officers: 0
   Removed officers: 6
   ✅ All officers match existing data

✅ Comparison report saved to: PERPLEXITY_REQUERY_COMPARISON_20251031_172133.txt

================================================================================
SUMMARY
================================================================================
Total contractors queried: 41
Total officer records received: 0
Contractors with discrepancies: 41

✅ Re-query complete!
   CSV file: family_analysis/family_parser/contractor_officers_csvs/llm_contractor_officers_requery_20251031_172133.csv
   Comparison report: PERPLEXITY_REQUERY_COMPARISON_20251031_172133.txt
